<html>
<body>
<pre>
<h1>µVision Build Log</h1>
<h2>Tool Versions:</h2>
IDE-Version: ¦ÌVision V5.25.2.0
Copyright (C) 2018 ARM Ltd and ARM Germany GmbH. All rights reserved.
License Information: 1 18662765213@163.com, 1, LIC=YA39H-WK0IH-ARXXW-QVBXH-B5KIJ-34T6U
 
Tool Versions:
Toolchain:       MDK-ARM Plus  Version: 5.25.2.0
Toolchain Path:  F:\Mark_ding\keil5\ARM\ARMCC\Bin
C Compiler:      Armcc.exe V5.06 update 6 (build 750)
Assembler:       Armasm.exe V5.06 update 6 (build 750)
Linker/Locator:  ArmLink.exe V5.06 update 6 (build 750)
Library Manager: ArmAr.exe V5.06 update 6 (build 750)
Hex Converter:   FromElf.exe V5.06 update 6 (build 750)
CPU DLL:         SARMCM3.DLL V5.25.2.0
Dialog DLL:      DCM.DLL V1.17.1.0
Target DLL:      STLink\ST-LINKIII-KEIL_SWO.dll V3.0.1.0
Dialog DLL:      TCM.DLL V1.35.1.0
 
<h2>Project:</h2>
C:\Users\18662\Desktop\Step-Motor-28-new\Src\MDK-ARM\Step-Motor-28-new.uvprojx
Project File Date:  08/16/2022

<h2>Output:</h2>
*** Using Compiler 'V5.06 update 6 (build 750)', folder: 'F:\Mark_ding\keil5\ARM\ARMCC\Bin'
Build target 'Step-Motor-28-new'
compiling main_thread.c...
linking...
Program Size: Code=15512 RO-data=2408 RW-data=64 ZI-data=1576  
FromELF: creating hex file...
"Step-Motor-28-new\Step-Motor-28-new.axf" - 0 Error(s), 0 Warning(s).

<h2>Software Packages used:</h2>

Package Vendor: APEXMIC
                https://geehy.com/uploads/tool/APEXMIC.APM32F1xx_DFP.1.0.4.pack
                APEXMIC.APM32F1xx_DFP.1.0.4
                APEX Microelectronics APM32F1 Series Device Support, Drivers and Examples

Package Vendor: ARM
                http://www.keil.com/pack/ARM.CMSIS.5.3.0.pack
                ARM.CMSIS.5.3.0
                CMSIS (Cortex Microcontroller Software Interface Standard)
   * Component: CORE Version: 5.1.1

<h2>Collection of Component include folders:</h2>
  .\RTE\_Step-Motor-28-new
  F:\Mark_ding\keil5\ARM\PACK\APEXMIC\APM32F1xx_DFP\1.0.4\Device\Include
  F:\Mark_ding\keil5\ARM\PACK\ARM\CMSIS\5.3.0\CMSIS\Include

<h2>Collection of Component Files used:</h2>

   * Component: ARM::CMSIS:CORE:5.1.1
Build Time Elapsed:  00:00:01
</pre>
</body>
</html>
