Component: ARM Compiler 5.06 update 6 (build 750) Tool: armlink [4d35ed]

==============================================================================

Section Cross References

    startup_stm32f103xb.o(RESET) refers to startup_stm32f103xb.o(STACK) for __initial_sp
    startup_stm32f103xb.o(RESET) refers to startup_stm32f103xb.o(.text) for Reset_Handler
    startup_stm32f103xb.o(RESET) refers to stm32f1xx_it.o(i.NMI_Handler) for NMI_Handler
    startup_stm32f103xb.o(RESET) refers to stm32f1xx_it.o(i.HardFault_Handler) for HardFault_Handler
    startup_stm32f103xb.o(RESET) refers to stm32f1xx_it.o(i.MemManage_Handler) for MemManage_Handler
    startup_stm32f103xb.o(RESET) refers to stm32f1xx_it.o(i.BusFault_Handler) for BusFault_Handler
    startup_stm32f103xb.o(RESET) refers to stm32f1xx_it.o(i.UsageFault_Handler) for UsageFault_Handler
    startup_stm32f103xb.o(RESET) refers to stm32f1xx_it.o(i.SVC_Handler) for SVC_Handler
    startup_stm32f103xb.o(RESET) refers to stm32f1xx_it.o(i.DebugMon_Handler) for DebugMon_Handler
    startup_stm32f103xb.o(RESET) refers to stm32f1xx_it.o(i.PendSV_Handler) for PendSV_Handler
    startup_stm32f103xb.o(RESET) refers to main_thread_it.o(i.SysTick_Handler) for SysTick_Handler
    startup_stm32f103xb.o(RESET) refers to communication.o(i.USART1_IRQHandler) for USART1_IRQHandler
    startup_stm32f103xb.o(.text) refers to system_stm32f1xx.o(i.SystemInit) for SystemInit
    startup_stm32f103xb.o(.text) refers to entry.o(.ARM.Collect$$$$00000000) for __main
    main.o(i.MX_ADC1_Init) refers to stm32f1xx_hal_adc.o(i.HAL_ADC_Init) for HAL_ADC_Init
    main.o(i.MX_ADC1_Init) refers to stm32f1xx_hal_adc.o(i.HAL_ADC_ConfigChannel) for HAL_ADC_ConfigChannel
    main.o(i.MX_ADC1_Init) refers to main.o(.bss) for .bss
    main.o(i.MX_CAN_Init) refers to stm32f1xx_hal_can.o(i.HAL_CAN_Init) for HAL_CAN_Init
    main.o(i.MX_CAN_Init) refers to main.o(.bss) for .bss
    main.o(i.MX_GPIO_Init) refers to stm32f1xx_hal_gpio.o(i.HAL_GPIO_WritePin) for HAL_GPIO_WritePin
    main.o(i.MX_GPIO_Init) refers to stm32f1xx_hal_gpio.o(i.HAL_GPIO_Init) for HAL_GPIO_Init
    main.o(i.MX_SPI1_Init) refers to stm32f1xx_hal_spi.o(i.HAL_SPI_Init) for HAL_SPI_Init
    main.o(i.MX_SPI1_Init) refers to main.o(.bss) for .bss
    main.o(i.MX_SPI2_Init) refers to stm32f1xx_hal_spi.o(i.HAL_SPI_Init) for HAL_SPI_Init
    main.o(i.MX_SPI2_Init) refers to main.o(.bss) for .bss
    main.o(i.MX_TIM2_Init) refers to memseta.o(.text) for __aeabi_memclr4
    main.o(i.MX_TIM2_Init) refers to stm32f1xx_hal_tim.o(i.HAL_TIM_PWM_Init) for HAL_TIM_PWM_Init
    main.o(i.MX_TIM2_Init) refers to stm32f1xx_hal_tim_ex.o(i.HAL_TIMEx_MasterConfigSynchronization) for HAL_TIMEx_MasterConfigSynchronization
    main.o(i.MX_TIM2_Init) refers to stm32f1xx_hal_tim.o(i.HAL_TIM_PWM_ConfigChannel) for HAL_TIM_PWM_ConfigChannel
    main.o(i.MX_TIM2_Init) refers to stm32f1xx_hal_msp.o(i.HAL_TIM_MspPostInit) for HAL_TIM_MspPostInit
    main.o(i.MX_TIM2_Init) refers to main.o(.bss) for .bss
    main.o(i.MX_USART1_UART_Init) refers to stm32f1xx_hal_uart.o(i.HAL_UART_Init) for HAL_UART_Init
    main.o(i.MX_USART1_UART_Init) refers to stm32f1xx_hal_cortex.o(i.HAL_NVIC_SetPriority) for HAL_NVIC_SetPriority
    main.o(i.MX_USART1_UART_Init) refers to stm32f1xx_hal_cortex.o(i.HAL_NVIC_EnableIRQ) for HAL_NVIC_EnableIRQ
    main.o(i.MX_USART1_UART_Init) refers to main.o(.bss) for .bss
    main.o(i.SystemClock_Config) refers to memseta.o(.text) for __aeabi_memclr4
    main.o(i.SystemClock_Config) refers to stm32f1xx_hal_rcc.o(i.HAL_RCC_OscConfig) for HAL_RCC_OscConfig
    main.o(i.SystemClock_Config) refers to stm32f1xx_hal_rcc.o(i.HAL_RCC_ClockConfig) for HAL_RCC_ClockConfig
    main.o(i.SystemClock_Config) refers to stm32f1xx_hal_rcc_ex.o(i.HAL_RCCEx_PeriphCLKConfig) for HAL_RCCEx_PeriphCLKConfig
    main.o(i.main) refers to stm32f1xx_hal.o(i.HAL_Init) for HAL_Init
    main.o(i.main) refers to main.o(i.SystemClock_Config) for SystemClock_Config
    main.o(i.main) refers to main.o(i.MX_GPIO_Init) for MX_GPIO_Init
    main.o(i.main) refers to main.o(i.MX_ADC1_Init) for MX_ADC1_Init
    main.o(i.main) refers to main.o(i.MX_CAN_Init) for MX_CAN_Init
    main.o(i.main) refers to main.o(i.MX_SPI1_Init) for MX_SPI1_Init
    main.o(i.main) refers to main.o(i.MX_SPI2_Init) for MX_SPI2_Init
    main.o(i.main) refers to main.o(i.MX_TIM2_Init) for MX_TIM2_Init
    main.o(i.main) refers to main.o(i.MX_USART1_UART_Init) for MX_USART1_UART_Init
    main.o(i.main) refers to main_thread.o(i.main_thread) for main_thread
    stm32f1xx_hal_msp.o(i.HAL_ADC_MspDeInit) refers to stm32f1xx_hal_gpio.o(i.HAL_GPIO_DeInit) for HAL_GPIO_DeInit
    stm32f1xx_hal_msp.o(i.HAL_ADC_MspInit) refers to stm32f1xx_hal_gpio.o(i.HAL_GPIO_Init) for HAL_GPIO_Init
    stm32f1xx_hal_msp.o(i.HAL_CAN_MspDeInit) refers to stm32f1xx_hal_gpio.o(i.HAL_GPIO_DeInit) for HAL_GPIO_DeInit
    stm32f1xx_hal_msp.o(i.HAL_CAN_MspInit) refers to stm32f1xx_hal_gpio.o(i.HAL_GPIO_Init) for HAL_GPIO_Init
[...]
    Removing stm32f1xx_hal_tim.o(i.TIM_TI1_SetConfig), (88 bytes).
    Removing stm32f1xx_hal_tim.o(i.TIM_TI2_ConfigInputStage), (36 bytes).
    Removing stm32f1xx_hal_tim.o(i.TIM_TI2_SetConfig), (54 bytes).
    Removing stm32f1xx_hal_tim_ex.o(.rev16_text), (4 bytes).
    Removing stm32f1xx_hal_tim_ex.o(.revsh_text), (4 bytes).
    Removing stm32f1xx_hal_tim_ex.o(.rrx_text), (6 bytes).
    Removing stm32f1xx_hal_tim_ex.o(i.HAL_TIMEx_BreakCallback), (2 bytes).
    Removing stm32f1xx_hal_tim_ex.o(i.HAL_TIMEx_CommutCallback), (2 bytes).
    Removing stm32f1xx_hal_tim_ex.o(i.HAL_TIMEx_CommutHalfCpltCallback), (2 bytes).
    Removing stm32f1xx_hal_tim_ex.o(i.HAL_TIMEx_ConfigBreakDeadTime), (84 bytes).
    Removing stm32f1xx_hal_tim_ex.o(i.HAL_TIMEx_ConfigCommutEvent), (112 bytes).
    Removing stm32f1xx_hal_tim_ex.o(i.HAL_TIMEx_ConfigCommutEvent_DMA), (144 bytes).
    Removing stm32f1xx_hal_tim_ex.o(i.HAL_TIMEx_ConfigCommutEvent_IT), (112 bytes).
    Removing stm32f1xx_hal_tim_ex.o(i.HAL_TIMEx_GetChannelNState), (34 bytes).
    Removing stm32f1xx_hal_tim_ex.o(i.HAL_TIMEx_HallSensor_DeInit), (76 bytes).
    Removing stm32f1xx_hal_tim_ex.o(i.HAL_TIMEx_HallSensor_GetState), (6 bytes).
    Removing stm32f1xx_hal_tim_ex.o(i.HAL_TIMEx_HallSensor_Init), (208 bytes).
    Removing stm32f1xx_hal_tim_ex.o(i.HAL_TIMEx_HallSensor_MspDeInit), (2 bytes).
    Removing stm32f1xx_hal_tim_ex.o(i.HAL_TIMEx_HallSensor_MspInit), (2 bytes).
    Removing stm32f1xx_hal_tim_ex.o(i.HAL_TIMEx_HallSensor_Start), (128 bytes).
    Removing stm32f1xx_hal_tim_ex.o(i.HAL_TIMEx_HallSensor_Start_DMA), (184 bytes).
    Removing stm32f1xx_hal_tim_ex.o(i.HAL_TIMEx_HallSensor_Start_IT), (140 bytes).
    Removing stm32f1xx_hal_tim_ex.o(i.HAL_TIMEx_HallSensor_Stop), (58 bytes).
    Removing stm32f1xx_hal_tim_ex.o(i.HAL_TIMEx_HallSensor_Stop_DMA), (70 bytes).
    Removing stm32f1xx_hal_tim_ex.o(i.HAL_TIMEx_HallSensor_Stop_IT), (68 bytes).
    Removing stm32f1xx_hal_tim_ex.o(i.HAL_TIMEx_OCN_Start), (152 bytes).
    Removing stm32f1xx_hal_tim_ex.o(i.HAL_TIMEx_OCN_Start_DMA), (336 bytes).
    Removing stm32f1xx_hal_tim_ex.o(i.HAL_TIMEx_OCN_Start_IT), (188 bytes).
    Removing stm32f1xx_hal_tim_ex.o(i.HAL_TIMEx_OCN_Stop), (104 bytes).
    Removing stm32f1xx_hal_tim_ex.o(i.HAL_TIMEx_OCN_Stop_DMA), (158 bytes).
    Removing stm32f1xx_hal_tim_ex.o(i.HAL_TIMEx_OCN_Stop_IT), (160 bytes).
    Removing stm32f1xx_hal_tim_ex.o(i.HAL_TIMEx_OnePulseN_Start), (100 bytes).
    Removing stm32f1xx_hal_tim_ex.o(i.HAL_TIMEx_OnePulseN_Start_IT), (120 bytes).
    Removing stm32f1xx_hal_tim_ex.o(i.HAL_TIMEx_OnePulseN_Stop), (98 bytes).
    Removing stm32f1xx_hal_tim_ex.o(i.HAL_TIMEx_OnePulseN_Stop_IT), (120 bytes).
    Removing stm32f1xx_hal_tim_ex.o(i.HAL_TIMEx_PWMN_Start), (152 bytes).
    Removing stm32f1xx_hal_tim_ex.o(i.HAL_TIMEx_PWMN_Start_DMA), (336 bytes).
    Removing stm32f1xx_hal_tim_ex.o(i.HAL_TIMEx_PWMN_Start_IT), (188 bytes).
    Removing stm32f1xx_hal_tim_ex.o(i.HAL_TIMEx_PWMN_Stop), (104 bytes).
    Removing stm32f1xx_hal_tim_ex.o(i.HAL_TIMEx_PWMN_Stop_DMA), (158 bytes).
    Removing stm32f1xx_hal_tim_ex.o(i.HAL_TIMEx_PWMN_Stop_IT), (160 bytes).
    Removing stm32f1xx_hal_tim_ex.o(i.HAL_TIMEx_RemapConfig), (4 bytes).
    Removing stm32f1xx_hal_tim_ex.o(i.TIMEx_DMACommutationCplt), (16 bytes).
    Removing stm32f1xx_hal_tim_ex.o(i.TIMEx_DMACommutationHalfCplt), (16 bytes).
    Removing stm32f1xx_hal_tim_ex.o(i.TIM_CCxNChannelCmd), (26 bytes).
    Removing stm32f1xx_hal_tim_ex.o(i.TIM_DMADelayPulseNCplt), (94 bytes).
    Removing stm32f1xx_hal_tim_ex.o(i.TIM_DMAErrorCCxN), (62 bytes).
    Removing stm32f1xx_hal_uart.o(.rev16_text), (4 bytes).
    Removing stm32f1xx_hal_uart.o(.revsh_text), (4 bytes).
    Removing stm32f1xx_hal_uart.o(.rrx_text), (6 bytes).
    Removing stm32f1xx_hal_uart.o(i.HAL_HalfDuplex_EnableReceiver), (50 bytes).
    Removing stm32f1xx_hal_uart.o(i.HAL_HalfDuplex_EnableTransmitter), (50 bytes).
    Removing stm32f1xx_hal_uart.o(i.HAL_HalfDuplex_Init), (108 bytes).
    Removing stm32f1xx_hal_uart.o(i.HAL_LIN_Init), (128 bytes).
    Removing stm32f1xx_hal_uart.o(i.HAL_LIN_SendBreak), (46 bytes).
    Removing stm32f1xx_hal_uart.o(i.HAL_MultiProcessor_EnterMuteMode), (46 bytes).
    Removing stm32f1xx_hal_uart.o(i.HAL_MultiProcessor_ExitMuteMode), (46 bytes).
    Removing stm32f1xx_hal_uart.o(i.HAL_MultiProcessor_Init), (142 bytes).
    Removing stm32f1xx_hal_uart.o(i.HAL_UARTEx_ReceiveToIdle), (254 bytes).
    Removing stm32f1xx_hal_uart.o(i.HAL_UARTEx_ReceiveToIdle_DMA), (74 bytes).
    Removing stm32f1xx_hal_uart.o(i.HAL_UARTEx_ReceiveToIdle_IT), (74 bytes).
    Removing stm32f1xx_hal_uart.o(i.HAL_UARTEx_RxEventCallback), (2 bytes).
    Removing stm32f1xx_hal_uart.o(i.HAL_UART_Abort), (156 bytes).
    Removing stm32f1xx_hal_uart.o(i.HAL_UART_AbortCpltCallback), (2 bytes).
    Removing stm32f1xx_hal_uart.o(i.HAL_UART_AbortReceive), (106 bytes).
    Removing stm32f1xx_hal_uart.o(i.HAL_UART_AbortReceiveCpltCallback), (2 bytes).
    Removing stm32f1xx_hal_uart.o(i.HAL_UART_AbortReceive_IT), (112 bytes).
    Removing stm32f1xx_hal_uart.o(i.HAL_UART_AbortTransmit), (78 bytes).
    Removing stm32f1xx_hal_uart.o(i.HAL_UART_AbortTransmitCpltCallback), (2 bytes).
    Removing stm32f1xx_hal_uart.o(i.HAL_UART_AbortTransmit_IT), (84 bytes).
    Removing stm32f1xx_hal_uart.o(i.HAL_UART_Abort_IT), (188 bytes).
    Removing stm32f1xx_hal_uart.o(i.HAL_UART_DMAPause), (102 bytes).
    Removing stm32f1xx_hal_uart.o(i.HAL_UART_DMAResume), (94 bytes).
    Removing stm32f1xx_hal_uart.o(i.HAL_UART_DMAStop), (88 bytes).
    Removing stm32f1xx_hal_uart.o(i.HAL_UART_DeInit), (52 bytes).
    Removing stm32f1xx_hal_uart.o(i.HAL_UART_ErrorCallback), (2 bytes).
    Removing stm32f1xx_hal_uart.o(i.HAL_UART_GetError), (4 bytes).
    Removing stm32f1xx_hal_uart.o(i.HAL_UART_GetState), (10 bytes).
    Removing stm32f1xx_hal_uart.o(i.HAL_UART_IRQHandler), (524 bytes).
    Removing stm32f1xx_hal_uart.o(i.HAL_UART_MspDeInit), (2 bytes).
    Removing stm32f1xx_hal_uart.o(i.HAL_UART_MspInit), (2 bytes).
    Removing stm32f1xx_hal_uart.o(i.HAL_UART_Receive), (192 bytes).
    Removing stm32f1xx_hal_uart.o(i.HAL_UART_Receive_DMA), (42 bytes).
    Removing stm32f1xx_hal_uart.o(i.HAL_UART_Receive_IT), (42 bytes).
    Removing stm32f1xx_hal_uart.o(i.HAL_UART_RxCpltCallback), (2 bytes).
    Removing stm32f1xx_hal_uart.o(i.HAL_UART_RxHalfCpltCallback), (2 bytes).
    Removing stm32f1xx_hal_uart.o(i.HAL_UART_Transmit_DMA), (128 bytes).
    Removing stm32f1xx_hal_uart.o(i.HAL_UART_Transmit_IT), (62 bytes).
    Removing stm32f1xx_hal_uart.o(i.HAL_UART_TxCpltCallback), (2 bytes).
    Removing stm32f1xx_hal_uart.o(i.HAL_UART_TxHalfCpltCallback), (2 bytes).
    Removing stm32f1xx_hal_uart.o(i.UART_DMAAbortOnError), (16 bytes).
    Removing stm32f1xx_hal_uart.o(i.UART_DMAError), (74 bytes).
    Removing stm32f1xx_hal_uart.o(i.UART_DMAReceiveCplt), (90 bytes).
    Removing stm32f1xx_hal_uart.o(i.UART_DMARxAbortCallback), (44 bytes).
    Removing stm32f1xx_hal_uart.o(i.UART_DMARxHalfCplt), (26 bytes).
    Removing stm32f1xx_hal_uart.o(i.UART_DMARxOnlyAbortCallback), (22 bytes).
    Removing stm32f1xx_hal_uart.o(i.UART_DMATransmitCplt), (46 bytes).
    Removing stm32f1xx_hal_uart.o(i.UART_DMATxAbortCallback), (44 bytes).
    Removing stm32f1xx_hal_uart.o(i.UART_DMATxHalfCplt), (10 bytes).
    Removing stm32f1xx_hal_uart.o(i.UART_DMATxOnlyAbortCallback), (20 bytes).
    Removing stm32f1xx_hal_uart.o(i.UART_EndRxTransfer), (48 bytes).
    Removing stm32f1xx_hal_uart.o(i.UART_EndTxTransfer), (18 bytes).
    Removing stm32f1xx_hal_uart.o(i.UART_Receive_IT), (182 bytes).
    Removing stm32f1xx_hal_uart.o(i.UART_Start_Receive_DMA), (112 bytes).
    Removing stm32f1xx_hal_uart.o(i.UART_Start_Receive_IT), (54 bytes).
    Removing system_stm32f1xx.o(.rev16_text), (4 bytes).
    Removing system_stm32f1xx.o(.revsh_text), (4 bytes).
    Removing system_stm32f1xx.o(.rrx_text), (6 bytes).
    Removing system_stm32f1xx.o(i.SystemCoreClockUpdate), (120 bytes).
    Removing w25q128.o(.rev16_text), (4 bytes).
    Removing w25q128.o(.revsh_text), (4 bytes).
    Removing w25q128.o(.rrx_text), (6 bytes).
    Removing w25q128.o(i.Erase_W25Q128_Chip), (32 bytes).
    Removing w25q128.o(i.W25Q128_Write_Disable), (20 bytes).
    Removing w25q128.o(i.read_W25Q128_ID), (72 bytes).
    Removing w25q128.o(.data), (4 bytes).
    Removing mt6816.o(.rev16_text), (4 bytes).
    Removing mt6816.o(.revsh_text), (4 bytes).
    Removing mt6816.o(.rrx_text), (6 bytes).
    Removing tb67h450.o(.rev16_text), (4 bytes).
    Removing tb67h450.o(.revsh_text), (4 bytes).
    Removing tb67h450.o(.rrx_text), (6 bytes).
    Removing tb67h450.o(i.TB67H450_SetBrake), (72 bytes).
    Removing tb67h450.o(i.TB67H450_SetPwmStop), (28 bytes).
    Removing tb67h450.o(i.TB67H450_SetSleep), (72 bytes).
    Removing motor_control.o(.rev16_text), (4 bytes).
    Removing motor_control.o(.revsh_text), (4 bytes).
    Removing motor_control.o(.rrx_text), (6 bytes).
    Removing motor_control.o(.data), (4 bytes).
    Removing communication.o(.rev16_text), (4 bytes).
    Removing communication.o(.revsh_text), (4 bytes).
    Removing communication.o(.rrx_text), (6 bytes).
    Removing main_thread.o(.rev16_text), (4 bytes).
    Removing main_thread.o(.revsh_text), (4 bytes).
    Removing main_thread.o(.rrx_text), (6 bytes).
    Removing main_thread_it.o(.rev16_text), (4 bytes).
    Removing main_thread_it.o(.revsh_text), (4 bytes).
    Removing main_thread_it.o(.rrx_text), (6 bytes).
    Removing main_thread_it.o(i.LoopIT_SysTick_20KHz), (32 bytes).

546 unused section(s) (total 36038 bytes) removed from the image.

==============================================================================

Image Symbol Table

    Local Symbols

    Symbol Name                              Value     Ov Type        Size  Object(Section)

    ../Core/Src/main.c                       0x00000000   Number         0  main.o ABSOLUTE
    ../Core/Src/stm32f1xx_hal_msp.c          0x00000000   Number         0  stm32f1xx_hal_msp.o ABSOLUTE
    ../Core/Src/stm32f1xx_it.c               0x00000000   Number         0  stm32f1xx_it.o ABSOLUTE
    ../Core/Src/system_stm32f1xx.c           0x00000000   Number         0  system_stm32f1xx.o ABSOLUTE
    ../Drivers/STM32F1xx_HAL_Driver/Src/stm32f1xx_hal.c 0x00000000   Number         0  stm32f1xx_hal.o ABSOLUTE
    ../Drivers/STM32F1xx_HAL_Driver/Src/stm32f1xx_hal_adc.c 0x00000000   Number         0  stm32f1xx_hal_adc.o ABSOLUTE
    ../Drivers/STM32F1xx_HAL_Driver/Src/stm32f1xx_hal_adc_ex.c 0x00000000   Number         0  stm32f1xx_hal_adc_ex.o ABSOLUTE
    ../Drivers/STM32F1xx_HAL_Driver/Src/stm32f1xx_hal_can.c 0x00000000   Number         0  stm32f1xx_hal_can.o ABSOLUTE
    ../Drivers/STM32F1xx_HAL_Driver/Src/stm32f1xx_hal_cortex.c 0x00000000   Number         0  stm32f1xx_hal_cortex.o ABSOLUTE
    ../Drivers/STM32F1xx_HAL_Driver/Src/stm32f1xx_hal_dma.c 0x00000000   Number         0  stm32f1xx_hal_dma.o ABSOLUTE
    ../Drivers/STM32F1xx_HAL_Driver/Src/stm32f1xx_hal_exti.c 0x00000000   Number         0  stm32f1xx_hal_exti.o ABSOLUTE
    ../Drivers/STM32F1xx_HAL_Driver/Src/stm32f1xx_hal_flash.c 0x00000000   Number         0  stm32f1xx_hal_flash.o ABSOLUTE
    ../Drivers/STM32F1xx_HAL_Driver/Src/stm32f1xx_hal_flash_ex.c 0x00000000   Number         0  stm32f1xx_hal_flash_ex.o ABSOLUTE
    ../Drivers/STM32F1xx_HAL_Driver/Src/stm32f1xx_hal_gpio.c 0x00000000   Number         0  stm32f1xx_hal_gpio.o ABSOLUTE
    ../Drivers/STM32F1xx_HAL_Driver/Src/stm32f1xx_hal_gpio_ex.c 0x00000000   Number         0  stm32f1xx_hal_gpio_ex.o ABSOLUTE
    ../Drivers/STM32F1xx_HAL_Driver/Src/stm32f1xx_hal_pwr.c 0x00000000   Number         0  stm32f1xx_hal_pwr.o ABSOLUTE
    ../Drivers/STM32F1xx_HAL_Driver/Src/stm32f1xx_hal_rcc.c 0x00000000   Number         0  stm32f1xx_hal_rcc.o ABSOLUTE
    ../Drivers/STM32F1xx_HAL_Driver/Src/stm32f1xx_hal_rcc_ex.c 0x00000000   Number         0  stm32f1xx_hal_rcc_ex.o ABSOLUTE
    ../Drivers/STM32F1xx_HAL_Driver/Src/stm32f1xx_hal_spi.c 0x00000000   Number         0  stm32f1xx_hal_spi.o ABSOLUTE
    ../Drivers/STM32F1xx_HAL_Driver/Src/stm32f1xx_hal_tim.c 0x00000000   Number         0  stm32f1xx_hal_tim.o ABSOLUTE
    ../Drivers/STM32F1xx_HAL_Driver/Src/stm32f1xx_hal_tim_ex.c 0x00000000   Number         0  stm32f1xx_hal_tim_ex.o ABSOLUTE
    ../Drivers/STM32F1xx_HAL_Driver/Src/stm32f1xx_hal_uart.c 0x00000000   Number         0  stm32f1xx_hal_uart.o ABSOLUTE
    ../clib/microlib/ctype/ctype.c           0x00000000   Number         0  isspace_c.o ABSOLUTE
    ../clib/microlib/ctype/ctype.c           0x00000000   Number         0  ctype_c.o ABSOLUTE
    ../clib/microlib/division.c              0x00000000   Number         0  uidiv.o ABSOLUTE
    ../clib/microlib/division.c              0x00000000   Number         0  uldiv.o ABSOLUTE
    ../clib/microlib/init/entry.s            0x00000000   Number         0  entry2.o ABSOLUTE
    ../clib/microlib/init/entry.s            0x00000000   Number         0  entry10a.o ABSOLUTE
    ../clib/microlib/init/entry.s            0x00000000   Number         0  entry9a.o ABSOLUTE
    ../clib/microlib/init/entry.s            0x00000000   Number         0  entry7a.o ABSOLUTE
    ../clib/microlib/init/entry.s            0x00000000   Number         0  entry7b.o ABSOLUTE
    ../clib/microlib/init/entry.s            0x00000000   Number         0  entry11b.o ABSOLUTE
    ../clib/microlib/init/entry.s            0x00000000   Number         0  entry11a.o ABSOLUTE
    ../clib/microlib/init/entry.s            0x00000000   Number         0  entry10b.o ABSOLUTE
    ../clib/microlib/init/entry.s            0x00000000   Number         0  entry8a.o ABSOLUTE
    ../clib/microlib/init/entry.s            0x00000000   Number         0  entry8b.o ABSOLUTE
    ../clib/microlib/init/entry.s            0x00000000   Number         0  entry9b.o ABSOLUTE
    ../clib/microlib/init/entry.s            0x00000000   Number         0  entry.o ABSOLUTE
    ../clib/microlib/init/entry.s            0x00000000   Number         0  entry5.o ABSOLUTE
    ../clib/microlib/longlong.c              0x00000000   Number         0  llushr.o ABSOLUTE
    ../clib/microlib/longlong.c              0x00000000   Number         0  llshl.o ABSOLUTE
    ../clib/microlib/longlong.c              0x00000000   Number         0  llsshr.o ABSOLUTE
    ../clib/microlib/printf/printf.c         0x00000000   Number         0  printf6.o ABSOLUTE
    ../clib/microlib/printf/printf.c         0x00000000   Number         0  printf0.o ABSOLUTE
    ../clib/microlib/printf/printf.c         0x00000000   Number         0  printf5.o ABSOLUTE
    ../clib/microlib/printf/printf.c         0x00000000   Number         0  printfb.o ABSOLUTE
    ../clib/microlib/printf/printf.c         0x00000000   Number         0  printf4.o ABSOLUTE
    ../clib/microlib/printf/printf.c         0x00000000   Number         0  printfa.o ABSOLUTE
    ../clib/microlib/printf/printf.c         0x00000000   Number         0  printf3.o ABSOLUTE
    ../clib/microlib/printf/printf.c         0x00000000   Number         0  printf8.o ABSOLUTE
    ../clib/microlib/printf/printf.c         0x00000000   Number         0  printf2.o ABSOLUTE
    ../clib/microlib/printf/printf.c         0x00000000   Number         0  printf7.o ABSOLUTE
    ../clib/microlib/printf/printf.c         0x00000000   Number         0  printf1.o ABSOLUTE
    ../clib/microlib/printf/stubs.s          0x00000000   Number         0  stubs.o ABSOLUTE
    ../clib/microlib/stdio/streams.c         0x00000000   Number         0  stdout.o ABSOLUTE
    ../clib/microlib/string/memset.c         0x00000000   Number         0  memseta.o ABSOLUTE
    ../clib/microlib/stubs.s                 0x00000000   Number         0  iusefp.o ABSOLUTE
    ../clib/scanf.c                          0x00000000   Number         0  scanf_char.o ABSOLUTE
    ../clib/scanf.c                          0x00000000   Number         0  _scanf_int.o ABSOLUTE
    ../clib/scanf.c                          0x00000000   Number         0  _chval.o ABSOLUTE
    ../clib/scanf.c                          0x00000000   Number         0  __0sscanf.o ABSOLUTE
    ../clib/scanf.c                          0x00000000   Number         0  _sgetc.o ABSOLUTE
    ../clib/scanf.c                          0x00000000   Number         0  _scanf.o ABSOLUTE
    ../fplib/microlib/fpadd.c                0x00000000   Number         0  dadd.o ABSOLUTE
    ../fplib/microlib/fpdiv.c                0x00000000   Number         0  ddiv.o ABSOLUTE
    ../fplib/microlib/fpepilogue.c           0x00000000   Number         0  depilogue.o ABSOLUTE
    ../fplib/microlib/fpfix.c                0x00000000   Number         0  dfixul.o ABSOLUTE
    ../fplib/microlib/fpflt.c                0x00000000   Number         0  dfltui.o ABSOLUTE
    ../fplib/microlib/fpmul.c                0x00000000   Number         0  dmul.o ABSOLUTE
    ../fplib/microlib/fpscalb.c              0x00000000   Number         0  dscalb.o ABSOLUTE
    ..\Communication\communication.c         0x00000000   Number         0  communication.o ABSOLUTE
    ..\Core\Src\main.c                       0x00000000   Number         0  main.o ABSOLUTE
    ..\Core\Src\stm32f1xx_hal_msp.c          0x00000000   Number         0  stm32f1xx_hal_msp.o ABSOLUTE
    ..\Core\Src\stm32f1xx_it.c               0x00000000   Number         0  stm32f1xx_it.o ABSOLUTE
    ..\Core\Src\system_stm32f1xx.c           0x00000000   Number         0  system_stm32f1xx.o ABSOLUTE
    ..\Drivers\Peripheral\TB67H450.c         0x00000000   Number         0  tb67h450.o ABSOLUTE
    ..\Drivers\Peripheral\mt6816.c           0x00000000   Number         0  mt6816.o ABSOLUTE
    ..\Drivers\Peripheral\w25q128.c          0x00000000   Number         0  w25q128.o ABSOLUTE
    ..\Drivers\STM32F1xx_HAL_Driver\Src\stm32f1xx_hal.c 0x00000000   Number         0  stm32f1xx_hal.o ABSOLUTE
    ..\Drivers\STM32F1xx_HAL_Driver\Src\stm32f1xx_hal_adc.c 0x00000000   Number         0  stm32f1xx_hal_adc.o ABSOLUTE
    ..\Drivers\STM32F1xx_HAL_Driver\Src\stm32f1xx_hal_adc_ex.c 0x00000000   Number         0  stm32f1xx_hal_adc_ex.o ABSOLUTE
    ..\Drivers\STM32F1xx_HAL_Driver\Src\stm32f1xx_hal_can.c 0x00000000   Number         0  stm32f1xx_hal_can.o ABSOLUTE
    ..\Drivers\STM32F1xx_HAL_Driver\Src\stm32f1xx_hal_cortex.c 0x00000000   Number         0  stm32f1xx_hal_cortex.o ABSOLUTE
    ..\Drivers\STM32F1xx_HAL_Driver\Src\stm32f1xx_hal_dma.c 0x00000000   Number         0  stm32f1xx_hal_dma.o ABSOLUTE
    ..\Drivers\STM32F1xx_HAL_Driver\Src\stm32f1xx_hal_exti.c 0x00000000   Number         0  stm32f1xx_hal_exti.o ABSOLUTE
    ..\Drivers\STM32F1xx_HAL_Driver\Src\stm32f1xx_hal_flash.c 0x00000000   Number         0  stm32f1xx_hal_flash.o ABSOLUTE
    ..\Drivers\STM32F1xx_HAL_Driver\Src\stm32f1xx_hal_flash_ex.c 0x00000000   Number         0  stm32f1xx_hal_flash_ex.o ABSOLUTE
    ..\Drivers\STM32F1xx_HAL_Driver\Src\stm32f1xx_hal_gpio.c 0x00000000   Number         0  stm32f1xx_hal_gpio.o ABSOLUTE
    ..\Drivers\STM32F1xx_HAL_Driver\Src\stm32f1xx_hal_gpio_ex.c 0x00000000   Number         0  stm32f1xx_hal_gpio_ex.o ABSOLUTE
    ..\Drivers\STM32F1xx_HAL_Driver\Src\stm32f1xx_hal_pwr.c 0x00000000   Number         0  stm32f1xx_hal_pwr.o ABSOLUTE
    ..\Drivers\STM32F1xx_HAL_Driver\Src\stm32f1xx_hal_rcc.c 0x00000000   Number         0  stm32f1xx_hal_rcc.o ABSOLUTE
    ..\Drivers\STM32F1xx_HAL_Driver\Src\stm32f1xx_hal_rcc_ex.c 0x00000000   Number         0  stm32f1xx_hal_rcc_ex.o ABSOLUTE
    ..\Drivers\STM32F1xx_HAL_Driver\Src\stm32f1xx_hal_spi.c 0x00000000   Number         0  stm32f1xx_hal_spi.o ABSOLUTE
    ..\Drivers\STM32F1xx_HAL_Driver\Src\stm32f1xx_hal_tim.c 0x00000000   Number         0  stm32f1xx_hal_tim.o ABSOLUTE
    ..\Drivers\STM32F1xx_HAL_Driver\Src\stm32f1xx_hal_tim_ex.c 0x00000000   Number         0  stm32f1xx_hal_tim_ex.o ABSOLUTE
    ..\Drivers\STM32F1xx_HAL_Driver\Src\stm32f1xx_hal_uart.c 0x00000000   Number         0  stm32f1xx_hal_uart.o ABSOLUTE
    ..\Motor_control\motor_control.c         0x00000000   Number         0  motor_control.o ABSOLUTE
    ..\Motor_control\sin_form.c              0x00000000   Number         0  sin_form.o ABSOLUTE
    ..\User\main_thread.c                    0x00000000   Number         0  main_thread.o ABSOLUTE
    ..\User\main_thread_it.c                 0x00000000   Number         0  main_thread_it.o ABSOLUTE
    ..\\Communication\\communication.c       0x00000000   Number         0  communication.o ABSOLUTE
    ..\\Drivers\\Peripheral\\TB67H450.c      0x00000000   Number         0  tb67h450.o ABSOLUTE
    ..\\Drivers\\Peripheral\\mt6816.c        0x00000000   Number         0  mt6816.o ABSOLUTE
    ..\\Drivers\\Peripheral\\w25q128.c       0x00000000   Number         0  w25q128.o ABSOLUTE
    ..\\Motor_control\\motor_control.c       0x00000000   Number         0  motor_control.o ABSOLUTE
    ..\\User\\main_thread.c                  0x00000000   Number         0  main_thread.o ABSOLUTE
    ..\\User\\main_thread_it.c               0x00000000   Number         0  main_thread_it.o ABSOLUTE
    cdrcmple.s                               0x00000000   Number         0  cdrcmple.o ABSOLUTE
    dc.s                                     0x00000000   Number         0  dc.o ABSOLUTE
    handlers.s                               0x00000000   Number         0  handlers.o ABSOLUTE
    init.s                                   0x00000000   Number         0  init.o ABSOLUTE
    startup_stm32f103xb.s                    0x00000000   Number         0  startup_stm32f103xb.o ABSOLUTE
    RESET                                    0x08000000   Section      236  startup_stm32f103xb.o(RESET)
    .ARM.Collect$$$$00000000                 0x080000ec   Section        0  entry.o(.ARM.Collect$$$$00000000)
    .ARM.Collect$$$$00000001                 0x080000ec   Section        4  entry2.o(.ARM.Collect$$$$00000001)
    .ARM.Collect$$$$00000004                 0x080000f0   Section        4  entry5.o(.ARM.Collect$$$$00000004)
    .ARM.Collect$$$$00000008                 0x080000f4   Section        0  entry7b.o(.ARM.Collect$$$$00000008)
    .ARM.Collect$$$$0000000A                 0x080000f4   Section        0  entry8b.o(.ARM.Collect$$$$0000000A)
    .ARM.Collect$$$$0000000B                 0x080000f4   Section        8  entry9a.o(.ARM.Collect$$$$0000000B)
    .ARM.Collect$$$$0000000D                 0x080000fc   Section        0  entry10a.o(.ARM.Collect$$$$0000000D)
    .ARM.Collect$$$$0000000F                 0x080000fc   Section        0  entry11a.o(.ARM.Collect$$$$0000000F)
    .ARM.Collect$$$$00002712                 0x080000fc   Section        4  entry2.o(.ARM.Collect$$$$00002712)
    __lit__00000000                          0x080000fc   Data           4  entry2.o(.ARM.Collect$$$$00002712)
    .text                                    0x08000100   Section       36  startup_stm32f103xb.o(.text)
    .text                                    0x08000124   Section        0  llushr.o(.text)
    .text                                    0x08000144   Section        0  memseta.o(.text)
    .text                                    0x08000168   Section        0  __0sscanf.o(.text)
    .text                                    0x080001a0   Section        0  _scanf_int.o(.text)
    .text                                    0x080002ec   Section        0  dmul.o(.text)
    .text                                    0x080003d0   Section        0  dscalb.o(.text)
    .text                                    0x080003fe   Section        0  dfltui.o(.text)
    .text                                    0x08000418   Section        0  uidiv.o(.text)
    .text                                    0x08000444   Section        0  uldiv.o(.text)
    .text                                    0x080004a6   Section        0  _chval.o(.text)
    .text                                    0x080004c4   Section        0  scanf_char.o(.text)
    _scanf_char_input                        0x080004c5   Thumb Code    12  scanf_char.o(.text)
    .text                                    0x080004ec   Section        0  _sgetc.o(.text)
    .text                                    0x0800052c   Section        0  iusefp.o(.text)
    .text                                    0x0800052c   Section        0  depilogue.o(.text)
    .text                                    0x080005e6   Section        0  dadd.o(.text)
    .text                                    0x08000734   Section        0  ddiv.o(.text)
    .text                                    0x08000812   Section        0  dfixul.o(.text)
    .text                                    0x08000844   Section       48  cdrcmple.o(.text)
    .text                                    0x08000874   Section       36  init.o(.text)
    .text                                    0x08000898   Section        0  llshl.o(.text)
    .text                                    0x080008b6   Section        0  llsshr.o(.text)
    .text                                    0x080008da   Section        0  isspace_c.o(.text)
    .text                                    0x080008e4   Section        0  _scanf.o(.text)
    .text                                    0x08000c10   Section        0  ctype_c.o(.text)
    i.ADC_ConversionStop_Disable             0x08000c38   Section        0  stm32f1xx_hal_adc.o(i.ADC_ConversionStop_Disable)
    i.BusFault_Handler                       0x08000c8e   Section        0  stm32f1xx_it.o(i.BusFault_Handler)
    i.CurrentControl_VREF_16Bit_MixOut       0x08000c90   Section        0  tb67h450.o(i.CurrentControl_VREF_16Bit_MixOut)
    i.DebugMon_Handler                       0x08000ca0   Section        0  stm32f1xx_it.o(i.DebugMon_Handler)
    i.Erase_Write_data_Sector                0x08000ca2   Section        0  w25q128.o(i.Erase_Write_data_Sector)
    i.Erase_one_Sector                       0x08000cc8   Section        0  w25q128.o(i.Erase_one_Sector)
    i.HAL_ADC_ConfigChannel                  0x08000d00   Section        0  stm32f1xx_hal_adc.o(i.HAL_ADC_ConfigChannel)
    i.HAL_ADC_Init                           0x08000dfc   Section        0  stm32f1xx_hal_adc.o(i.HAL_ADC_Init)
    i.HAL_ADC_MspInit                        0x08000f18   Section        0  stm32f1xx_hal_msp.o(i.HAL_ADC_MspInit)
    i.HAL_CAN_Init                           0x08000f70   Section        0  stm32f1xx_hal_can.o(i.HAL_CAN_Init)
    i.HAL_CAN_MspInit                        0x0800108c   Section        0  stm32f1xx_hal_msp.o(i.HAL_CAN_MspInit)
    i.HAL_Delay                              0x08001110   Section        0  stm32f1xx_hal.o(i.HAL_Delay)
    i.HAL_GPIO_Init                          0x08001134   Section        0  stm32f1xx_hal_gpio.o(i.HAL_GPIO_Init)
    i.HAL_GPIO_WritePin                      0x08001314   Section        0  stm32f1xx_hal_gpio.o(i.HAL_GPIO_WritePin)
    i.HAL_GetTick                            0x08001320   Section        0  stm32f1xx_hal.o(i.HAL_GetTick)
    i.HAL_IncTick                            0x0800132c   Section        0  stm32f1xx_hal.o(i.HAL_IncTick)
    i.HAL_Init                               0x0800133c   Section        0  stm32f1xx_hal.o(i.HAL_Init)
    i.HAL_InitTick                           0x08001360   Section        0  stm32f1xx_hal.o(i.HAL_InitTick)
    i.HAL_MspInit                            0x080013a0   Section        0  stm32f1xx_hal_msp.o(i.HAL_MspInit)
    i.HAL_NVIC_EnableIRQ                     0x080013dc   Section        0  stm32f1xx_hal_cortex.o(i.HAL_NVIC_EnableIRQ)
    i.HAL_NVIC_SetPriority                   0x080013f8   Section        0  stm32f1xx_hal_cortex.o(i.HAL_NVIC_SetPriority)
    i.HAL_NVIC_SetPriorityGrouping           0x08001438   Section        0  stm32f1xx_hal_cortex.o(i.HAL_NVIC_SetPriorityGrouping)
    i.HAL_RCCEx_PeriphCLKConfig              0x0800145c   Section        0  stm32f1xx_hal_rcc_ex.o(i.HAL_RCCEx_PeriphCLKConfig)
    i.HAL_RCC_ClockConfig                    0x08001548   Section        0  stm32f1xx_hal_rcc.o(i.HAL_RCC_ClockConfig)
    i.HAL_RCC_GetPCLK1Freq                   0x08001660   Section        0  stm32f1xx_hal_rcc.o(i.HAL_RCC_GetPCLK1Freq)
    i.HAL_RCC_GetPCLK2Freq                   0x08001680   Section        0  stm32f1xx_hal_rcc.o(i.HAL_RCC_GetPCLK2Freq)
    i.HAL_RCC_GetSysClockFreq                0x080016a0   Section        0  stm32f1xx_hal_rcc.o(i.HAL_RCC_GetSysClockFreq)
    i.HAL_RCC_OscConfig                      0x08001714   Section        0  stm32f1xx_hal_rcc.o(i.HAL_RCC_OscConfig)
    i.HAL_SPI_Init                           0x08001a1c   Section        0  stm32f1xx_hal_spi.o(i.HAL_SPI_Init)
    i.HAL_SPI_MspInit                        0x08001ad0   Section        0  stm32f1xx_hal_msp.o(i.HAL_SPI_MspInit)
    i.HAL_SPI_Receive                        0x08001ba0   Section        0  stm32f1xx_hal_spi.o(i.HAL_SPI_Receive)
    i.HAL_SPI_Transmit                       0x08001cfa   Section        0  stm32f1xx_hal_spi.o(i.HAL_SPI_Transmit)
    i.HAL_SPI_TransmitReceive                0x08001e60   Section        0  stm32f1xx_hal_spi.o(i.HAL_SPI_TransmitReceive)
    i.HAL_SYSTICK_Config                     0x08002042   Section        0  stm32f1xx_hal_cortex.o(i.HAL_SYSTICK_Config)
    i.HAL_TIMEx_MasterConfigSynchronization  0x0800206c   Section        0  stm32f1xx_hal_tim_ex.o(i.HAL_TIMEx_MasterConfigSynchronization)
    i.HAL_TIM_MspPostInit                    0x080020d4   Section        0  stm32f1xx_hal_msp.o(i.HAL_TIM_MspPostInit)
    i.HAL_TIM_PWM_ConfigChannel              0x08002134   Section        0  stm32f1xx_hal_tim.o(i.HAL_TIM_PWM_ConfigChannel)
    i.HAL_TIM_PWM_Init                       0x080021fa   Section        0  stm32f1xx_hal_tim.o(i.HAL_TIM_PWM_Init)
    i.HAL_TIM_PWM_MspInit                    0x08002254   Section        0  stm32f1xx_hal_msp.o(i.HAL_TIM_PWM_MspInit)
    i.HAL_TIM_PWM_Start                      0x08002278   Section        0  stm32f1xx_hal_tim.o(i.HAL_TIM_PWM_Start)
    i.HAL_UART_Init                          0x08002314   Section        0  stm32f1xx_hal_uart.o(i.HAL_UART_Init)
    i.HAL_UART_MspInit                       0x08002378   Section        0  stm32f1xx_hal_msp.o(i.HAL_UART_MspInit)
    i.HAL_UART_Transmit                      0x080023f8   Section        0  stm32f1xx_hal_uart.o(i.HAL_UART_Transmit)
    i.HardFault_Handler                      0x080024aa   Section        0  stm32f1xx_it.o(i.HardFault_Handler)
    i.MT6816_SPI_Get_AngleData               0x080024ac   Section        0  mt6816.o(i.MT6816_SPI_Get_AngleData)
    i.MT6816_test                            0x08002574   Section        0  mt6816.o(i.MT6816_test)
    i.MX_ADC1_Init                           0x080025e0   Section        0  main.o(i.MX_ADC1_Init)
    MX_ADC1_Init                             0x080025e1   Thumb Code    68  main.o(i.MX_ADC1_Init)
    i.MX_CAN_Init                            0x0800262c   Section        0  main.o(i.MX_CAN_Init)
    MX_CAN_Init                              0x0800262d   Thumb Code    48  main.o(i.MX_CAN_Init)
    i.MX_GPIO_Init                           0x08002664   Section        0  main.o(i.MX_GPIO_Init)
    MX_GPIO_Init                             0x08002665   Thumb Code   268  main.o(i.MX_GPIO_Init)
    i.MX_SPI1_Init                           0x08002780   Section        0  main.o(i.MX_SPI1_Init)
    MX_SPI1_Init                             0x08002781   Thumb Code    60  main.o(i.MX_SPI1_Init)
    i.MX_SPI2_Init                           0x080027c4   Section        0  main.o(i.MX_SPI2_Init)
    MX_SPI2_Init                             0x080027c5   Thumb Code    56  main.o(i.MX_SPI2_Init)
    i.MX_TIM2_Init                           0x08002804   Section        0  main.o(i.MX_TIM2_Init)
    MX_TIM2_Init                             0x08002805   Thumb Code   120  main.o(i.MX_TIM2_Init)
    i.MX_USART1_UART_Init                    0x08002880   Section        0  main.o(i.MX_USART1_UART_Init)
    MX_USART1_UART_Init                      0x08002881   Thumb Code    72  main.o(i.MX_USART1_UART_Init)
    i.MemManage_Handler                      0x080028d0   Section        0  stm32f1xx_it.o(i.MemManage_Handler)
    i.Motor_Control_Init                     0x080028d2   Section        0  motor_control.o(i.Motor_Control_Init)
    i.Motor_Control_test                     0x080028d8   Section        0  motor_control.o(i.Motor_Control_test)
    i.Motor_move                             0x08002940   Section        0  motor_control.o(i.Motor_move)
    i.Motor_set_subdivision                  0x080029a0   Section        0  motor_control.o(i.Motor_set_subdivision)
    i.NMI_Handler                            0x080029ac   Section        0  stm32f1xx_it.o(i.NMI_Handler)
    i.PendSV_Handler                         0x080029ae   Section        0  stm32f1xx_it.o(i.PendSV_Handler)
    i.Read_W25Q128_data                      0x080029b0   Section        0  w25q128.o(i.Read_W25Q128_data)
    i.SPI_EndRxTransaction                   0x080029f6   Section        0  stm32f1xx_hal_spi.o(i.SPI_EndRxTransaction)
    SPI_EndRxTransaction                     0x080029f7   Thumb Code    92  stm32f1xx_hal_spi.o(i.SPI_EndRxTransaction)
    i.SPI_EndRxTxTransaction                 0x08002a52   Section        0  stm32f1xx_hal_spi.o(i.SPI_EndRxTxTransaction)
    SPI_EndRxTxTransaction                   0x08002a53   Thumb Code    32  stm32f1xx_hal_spi.o(i.SPI_EndRxTxTransaction)
    i.SPI_WaitFlagStateUntilTimeout          0x08002a74   Section        0  stm32f1xx_hal_spi.o(i.SPI_WaitFlagStateUntilTimeout)
    SPI_WaitFlagStateUntilTimeout            0x08002a75   Thumb Code   180  stm32f1xx_hal_spi.o(i.SPI_WaitFlagStateUntilTimeout)
    i.SVC_Handler                            0x08002b2c   Section        0  stm32f1xx_it.o(i.SVC_Handler)
    i.SysTick_Handler                        0x08002b30   Section        0  main_thread_it.o(i.SysTick_Handler)
    i.SystemClock_Config                     0x08002b60   Section        0  main.o(i.SystemClock_Config)
    i.SystemInit                             0x08002bd8   Section        0  system_stm32f1xx.o(i.SystemInit)
    i.TB67H450_SetDivideElec                 0x08002bdc   Section        0  tb67h450.o(i.TB67H450_SetDivideElec)
    i.TB67H450_SetPwmStart                   0x08002ce8   Section        0  tb67h450.o(i.TB67H450_SetPwmStart)
    i.TIM_Base_SetConfig                     0x08002d04   Section        0  stm32f1xx_hal_tim.o(i.TIM_Base_SetConfig)
    i.TIM_CCxChannelCmd                      0x08002d70   Section        0  stm32f1xx_hal_tim.o(i.TIM_CCxChannelCmd)
    i.TIM_OC1_SetConfig                      0x08002d8c   Section        0  stm32f1xx_hal_tim.o(i.TIM_OC1_SetConfig)
    TIM_OC1_SetConfig                        0x08002d8d   Thumb Code    74  stm32f1xx_hal_tim.o(i.TIM_OC1_SetConfig)
    i.TIM_OC2_SetConfig                      0x08002ddc   Section        0  stm32f1xx_hal_tim.o(i.TIM_OC2_SetConfig)
    i.TIM_OC3_SetConfig                      0x08002e34   Section        0  stm32f1xx_hal_tim.o(i.TIM_OC3_SetConfig)
    TIM_OC3_SetConfig                        0x08002e35   Thumb Code    82  stm32f1xx_hal_tim.o(i.TIM_OC3_SetConfig)
    i.TIM_OC4_SetConfig                      0x08002e8c   Section        0  stm32f1xx_hal_tim.o(i.TIM_OC4_SetConfig)
    TIM_OC4_SetConfig                        0x08002e8d   Thumb Code    64  stm32f1xx_hal_tim.o(i.TIM_OC4_SetConfig)
    i.UART_SetConfig                         0x08002ed0   Section        0  stm32f1xx_hal_uart.o(i.UART_SetConfig)
    UART_SetConfig                           0x08002ed1   Thumb Code   178  stm32f1xx_hal_uart.o(i.UART_SetConfig)
    i.UART_WaitOnFlagUntilTimeout            0x08002f88   Section        0  stm32f1xx_hal_uart.o(i.UART_WaitOnFlagUntilTimeout)
    UART_WaitOnFlagUntilTimeout              0x08002f89   Thumb Code   100  stm32f1xx_hal_uart.o(i.UART_WaitOnFlagUntilTimeout)
    i.USART1_IRQHandler                      0x08002fec   Section        0  communication.o(i.USART1_IRQHandler)
    i.UsageFault_Handler                     0x08003008   Section        0  stm32f1xx_it.o(i.UsageFault_Handler)
    i.W25Q128_Disable                        0x0800300c   Section        0  w25q128.o(i.W25Q128_Disable)
    i.W25Q128_Enable                         0x0800301c   Section        0  w25q128.o(i.W25Q128_Enable)
    i.W25Q128_ReadSR                         0x0800302c   Section        0  w25q128.o(i.W25Q128_ReadSR)
    i.W25Q128_Wait_Busy                      0x08003048   Section        0  w25q128.o(i.W25Q128_Wait_Busy)
    i.W25Q128_Write_Enable                   0x08003056   Section        0  w25q128.o(i.W25Q128_Write_Enable)
    i.W25Q128_test                           0x0800306c   Section        0  w25q128.o(i.W25Q128_test)
    i.Write_Page                             0x0800315c   Section        0  w25q128.o(i.Write_Page)
    i.Write_Word                             0x0800319a   Section        0  w25q128.o(i.Write_Word)
    i.__0printf                              0x080031e4   Section        0  printfa.o(i.__0printf)
    i.__NVIC_SetPriority                     0x08003204   Section        0  stm32f1xx_hal_cortex.o(i.__NVIC_SetPriority)
    __NVIC_SetPriority                       0x08003205   Thumb Code    32  stm32f1xx_hal_cortex.o(i.__NVIC_SetPriority)
    i.__scatterload_copy                     0x08003224   Section       14  handlers.o(i.__scatterload_copy)
    i.__scatterload_null                     0x08003232   Section        2  handlers.o(i.__scatterload_null)
    i.__scatterload_zeroinit                 0x08003234   Section       14  handlers.o(i.__scatterload_zeroinit)
    i._fp_digits                             0x08003244   Section        0  printfa.o(i._fp_digits)
    _fp_digits                               0x08003245   Thumb Code   366  printfa.o(i._fp_digits)
    i._printf_core                           0x080033c8   Section        0  printfa.o(i._printf_core)
    _printf_core                             0x080033c9   Thumb Code  1744  printfa.o(i._printf_core)
    i._printf_post_padding                   0x08003aa4   Section        0  printfa.o(i._printf_post_padding)
    _printf_post_padding                     0x08003aa5   Thumb Code    36  printfa.o(i._printf_post_padding)
    i._printf_pre_padding                    0x08003ac8   Section        0  printfa.o(i._printf_pre_padding)
    _printf_pre_padding                      0x08003ac9   Thumb Code    46  printfa.o(i._printf_pre_padding)
    i.com_clear                              0x08003af8   Section        0  communication.o(i.com_clear)
    i.com_extract                            0x08003b14   Section        0  communication.o(i.com_extract)
    i.com_function                           0x08003b64   Section        0  communication.o(i.com_function)
    i.com_process                            0x08003c44   Section        0  communication.o(i.com_process)
    i.com_receive                            0x08003c94   Section        0  communication.o(i.com_receive)
    i.fputc                                  0x08003cb0   Section        0  communication.o(i.fputc)
    i.main                                   0x08003cc8   Section        0  main.o(i.main)
    i.main_test                              0x08003cf6   Section        0  main_thread.o(i.main_test)
    i.main_thread                            0x08003d0e   Section        0  main_thread.o(i.main_thread)
    i.spi2_Receive_one_byte                  0x08003d50   Section        0  w25q128.o(i.spi2_Receive_one_byte)
    i.spi2_Transmit_one_byte                 0x08003d6c   Section        0  w25q128.o(i.spi2_Transmit_one_byte)
    .constdata                               0x08003d84   Section       16  system_stm32f1xx.o(.constdata)
    .constdata                               0x08003d94   Section        8  system_stm32f1xx.o(.constdata)
    .constdata                               0x08003d9c   Section     2050  sin_form.o(.constdata)
    .constdata                               0x0800459e   Section       64  ctype_c.o(.constdata)
    .data                                    0x20000000   Section       12  stm32f1xx_hal.o(.data)
    .data                                    0x2000000c   Section        4  system_stm32f1xx.o(.data)
    .data                                    0x20000010   Section       14  w25q128.o(.data)
    .data                                    0x2000001e   Section       12  tb67h450.o(.data)
    .data                                    0x2000002c   Section        8  motor_control.o(.data)
    .data                                    0x20000034   Section        3  communication.o(.data)
    .data                                    0x20000037   Section        2  main_thread_it.o(.data)
    .data                                    0x2000003c   Section        4  stdout.o(.data)
    .bss                                     0x20000040   Section      404  main.o(.bss)
    .bss                                     0x200001d4   Section      100  w25q128.o(.bss)
    .bss                                     0x20000238   Section       20  communication.o(.bss)
    .bss                                     0x2000024c   Section       24  main_thread_it.o(.bss)
    STACK                                    0x20000268   Section     1024  startup_stm32f103xb.o(STACK)

    Global Symbols

    Symbol Name                              Value     Ov Type        Size  Object(Section)

    BuildAttributes$$THM_ISAv4$P$D$K$B$S$PE$A:L22UL41UL21$X:L11$S22US41US21$IEEE1$IW$USESV6$~STKCKD$USESV7$~SHL$OSPACE$ROPI$EBA8$MICROLIB$REQ8$PRES8$EABIv2 0x00000000   Number         0  anon$$obj.o ABSOLUTE
    __ARM_use_no_argv                        0x00000000   Number         0  main.o ABSOLUTE
    _printf_a                                0x00000000   Number         0  stubs.o ABSOLUTE
    _printf_c                                0x00000000   Number         0  stubs.o ABSOLUTE
    _printf_charcount                        0x00000000   Number         0  stubs.o ABSOLUTE
    _printf_d                                0x00000000   Number         0  stubs.o ABSOLUTE
    _printf_e                                0x00000000   Number         0  stubs.o ABSOLUTE
    _printf_f                                0x00000000   Number         0  stubs.o ABSOLUTE
    _printf_flags                            0x00000000   Number         0  stubs.o ABSOLUTE
    _printf_fp_dec                           0x00000000   Number         0  stubs.o ABSOLUTE
    _printf_fp_hex                           0x00000000   Number         0  stubs.o ABSOLUTE
    _printf_g                                0x00000000   Number         0  stubs.o ABSOLUTE
    _printf_i                                0x00000000   Number         0  stubs.o ABSOLUTE
    _printf_int_dec                          0x00000000   Number         0  stubs.o ABSOLUTE
    _printf_l                                0x00000000   Number         0  stubs.o ABSOLUTE
    _printf_lc                               0x00000000   Number         0  stubs.o ABSOLUTE
    _printf_ll                               0x00000000   Number         0  stubs.o ABSOLUTE
    _printf_lld                              0x00000000   Number         0  stubs.o ABSOLUTE
    _printf_lli                              0x00000000   Number         0  stubs.o ABSOLUTE
    _printf_llo                              0x00000000   Number         0  stubs.o ABSOLUTE
    _printf_llu                              0x00000000   Number         0  stubs.o ABSOLUTE
    _printf_llx                              0x00000000   Number         0  stubs.o ABSOLUTE
    _printf_longlong_dec                     0x00000000   Number         0  stubs.o ABSOLUTE
    _printf_longlong_hex                     0x00000000   Number         0  stubs.o ABSOLUTE
    _printf_longlong_oct                     0x00000000   Number         0  stubs.o ABSOLUTE
    _printf_ls                               0x00000000   Number         0  stubs.o ABSOLUTE
    _printf_mbtowc                           0x00000000   Number         0  stubs.o ABSOLUTE
    _printf_n                                0x00000000   Number         0  stubs.o ABSOLUTE
    _printf_o                                0x00000000   Number         0  stubs.o ABSOLUTE
    _printf_p                                0x00000000   Number         0  stubs.o ABSOLUTE
    _printf_percent                          0x00000000   Number         0  stubs.o ABSOLUTE
    _printf_pre_padding                      0x00000000   Number         0  stubs.o ABSOLUTE
    _printf_return_value                     0x00000000   Number         0  stubs.o ABSOLUTE
    _printf_s                                0x00000000   Number         0  stubs.o ABSOLUTE
    _printf_sizespec                         0x00000000   Number         0  stubs.o ABSOLUTE
    _printf_str                              0x00000000   Number         0  stubs.o ABSOLUTE
    _printf_truncate_signed                  0x00000000   Number         0  stubs.o ABSOLUTE
    _printf_truncate_unsigned                0x00000000   Number         0  stubs.o ABSOLUTE
    _printf_u                                0x00000000   Number         0  stubs.o ABSOLUTE
    _printf_wc                               0x00000000   Number         0  stubs.o ABSOLUTE
    _printf_wctomb                           0x00000000   Number         0  stubs.o ABSOLUTE
    _printf_widthprec                        0x00000000   Number         0  stubs.o ABSOLUTE
    _printf_x                                0x00000000   Number         0  stubs.o ABSOLUTE
    __cpp_initialize__aeabi_                  - Undefined Weak Reference
    __cxa_finalize                            - Undefined Weak Reference
    __decompress                              - Undefined Weak Reference
    _clock_init                               - Undefined Weak Reference
    _microlib_exit                            - Undefined Weak Reference
    _scanf_longlong                           - Undefined Weak Reference
    _scanf_real                               - Undefined Weak Reference
    _scanf_string                             - Undefined Weak Reference
    __Vectors_Size                           0x000000ec   Number         0  startup_stm32f103xb.o ABSOLUTE
    __Vectors                                0x08000000   Data           4  startup_stm32f103xb.o(RESET)
    __Vectors_End                            0x080000ec   Data           0  startup_stm32f103xb.o(RESET)
    __main                                   0x080000ed   Thumb Code     0  entry.o(.ARM.Collect$$$$00000000)
    _main_stk                                0x080000ed   Thumb Code     0  entry2.o(.ARM.Collect$$$$00000001)
    _main_scatterload                        0x080000f1   Thumb Code     0  entry5.o(.ARM.Collect$$$$00000004)
    __main_after_scatterload                 0x080000f5   Thumb Code     0  entry5.o(.ARM.Collect$$$$00000004)
    _main_clock                              0x080000f5   Thumb Code     0  entry7b.o(.ARM.Collect$$$$00000008)
    _main_cpp_init                           0x080000f5   Thumb Code     0  entry8b.o(.ARM.Collect$$$$0000000A)
    _main_init                               0x080000f5   Thumb Code     0  entry9a.o(.ARM.Collect$$$$0000000B)
    __rt_final_cpp                           0x080000fd   Thumb Code     0  entry10a.o(.ARM.Collect$$$$0000000D)
    __rt_final_exit                          0x080000fd   Thumb Code     0  entry11a.o(.ARM.Collect$$$$0000000F)
    Reset_Handler                            0x08000101   Thumb Code     8  startup_stm32f103xb.o(.text)
    ADC1_2_IRQHandler                        0x0800011b   Thumb Code     0  startup_stm32f103xb.o(.text)
    CAN1_RX1_IRQHandler                      0x0800011b   Thumb Code     0  startup_stm32f103xb.o(.text)
    CAN1_SCE_IRQHandler                      0x0800011b   Thumb Code     0  startup_stm32f103xb.o(.text)
    DMA1_Channel1_IRQHandler                 0x0800011b   Thumb Code     0  startup_stm32f103xb.o(.text)
    DMA1_Channel2_IRQHandler                 0x0800011b   Thumb Code     0  startup_stm32f103xb.o(.text)
    DMA1_Channel3_IRQHandler                 0x0800011b   Thumb Code     0  startup_stm32f103xb.o(.text)
    DMA1_Channel4_IRQHandler                 0x0800011b   Thumb Code     0  startup_stm32f103xb.o(.text)
    DMA1_Channel5_IRQHandler                 0x0800011b   Thumb Code     0  startup_stm32f103xb.o(.text)
    DMA1_Channel6_IRQHandler                 0x0800011b   Thumb Code     0  startup_stm32f103xb.o(.text)
    DMA1_Channel7_IRQHandler                 0x0800011b   Thumb Code     0  startup_stm32f103xb.o(.text)
    EXTI0_IRQHandler                         0x0800011b   Thumb Code     0  startup_stm32f103xb.o(.text)
    EXTI15_10_IRQHandler                     0x0800011b   Thumb Code     0  startup_stm32f103xb.o(.text)
    EXTI1_IRQHandler                         0x0800011b   Thumb Code     0  startup_stm32f103xb.o(.text)
    EXTI2_IRQHandler                         0x0800011b   Thumb Code     0  startup_stm32f103xb.o(.text)
    EXTI3_IRQHandler                         0x0800011b   Thumb Code     0  startup_stm32f103xb.o(.text)
    EXTI4_IRQHandler                         0x0800011b   Thumb Code     0  startup_stm32f103xb.o(.text)
    EXTI9_5_IRQHandler                       0x0800011b   Thumb Code     0  startup_stm32f103xb.o(.text)
    FLASH_IRQHandler                         0x0800011b   Thumb Code     0  startup_stm32f103xb.o(.text)
    I2C1_ER_IRQHandler                       0x0800011b   Thumb Code     0  startup_stm32f103xb.o(.text)
    I2C1_EV_IRQHandler                       0x0800011b   Thumb Code     0  startup_stm32f103xb.o(.text)
    I2C2_ER_IRQHandler                       0x0800011b   Thumb Code     0  startup_stm32f103xb.o(.text)
    I2C2_EV_IRQHandler                       0x0800011b   Thumb Code     0  startup_stm32f103xb.o(.text)
    PVD_IRQHandler                           0x0800011b   Thumb Code     0  startup_stm32f103xb.o(.text)
    RCC_IRQHandler                           0x0800011b   Thumb Code     0  startup_stm32f103xb.o(.text)
    RTC_Alarm_IRQHandler                     0x0800011b   Thumb Code     0  startup_stm32f103xb.o(.text)
    RTC_IRQHandler                           0x0800011b   Thumb Code     0  startup_stm32f103xb.o(.text)
    SPI1_IRQHandler                          0x0800011b   Thumb Code     0  startup_stm32f103xb.o(.text)
    SPI2_IRQHandler                          0x0800011b   Thumb Code     0  startup_stm32f103xb.o(.text)
    TAMPER_IRQHandler                        0x0800011b   Thumb Code     0  startup_stm32f103xb.o(.text)
    TIM1_BRK_IRQHandler                      0x0800011b   Thumb Code     0  startup_stm32f103xb.o(.text)
    TIM1_CC_IRQHandler                       0x0800011b   Thumb Code     0  startup_stm32f103xb.o(.text)
    TIM1_TRG_COM_IRQHandler                  0x0800011b   Thumb Code     0  startup_stm32f103xb.o(.text)
    TIM1_UP_IRQHandler                       0x0800011b   Thumb Code     0  startup_stm32f103xb.o(.text)
    TIM2_IRQHandler                          0x0800011b   Thumb Code     0  startup_stm32f103xb.o(.text)
    TIM3_IRQHandler                          0x0800011b   Thumb Code     0  startup_stm32f103xb.o(.text)
    TIM4_IRQHandler                          0x0800011b   Thumb Code     0  startup_stm32f103xb.o(.text)
    USART2_IRQHandler                        0x0800011b   Thumb Code     0  startup_stm32f103xb.o(.text)
    USART3_IRQHandler                        0x0800011b   Thumb Code     0  startup_stm32f103xb.o(.text)
    USBWakeUp_IRQHandler                     0x0800011b   Thumb Code     0  startup_stm32f103xb.o(.text)
    USB_HP_CAN1_TX_IRQHandler                0x0800011b   Thumb Code     0  startup_stm32f103xb.o(.text)
    USB_LP_CAN1_RX0_IRQHandler               0x0800011b   Thumb Code     0  startup_stm32f103xb.o(.text)
    WWDG_IRQHandler                          0x0800011b   Thumb Code     0  startup_stm32f103xb.o(.text)
    __aeabi_llsr                             0x08000125   Thumb Code    32  llushr.o(.text)
    _ll_ushift_r                             0x08000125   Thumb Code     0  llushr.o(.text)
    __aeabi_memset                           0x08000145   Thumb Code    14  memseta.o(.text)
    __aeabi_memset4                          0x08000145   Thumb Code     0  memseta.o(.text)
    __aeabi_memset8                          0x08000145   Thumb Code     0  memseta.o(.text)
    __aeabi_memclr                           0x08000153   Thumb Code     4  memseta.o(.text)
    __aeabi_memclr4                          0x08000153   Thumb Code     0  memseta.o(.text)
    __aeabi_memclr8                          0x08000153   Thumb Code     0  memseta.o(.text)
    _memset$wrapper                          0x08000157   Thumb Code    18  memseta.o(.text)
    __0sscanf                                0x08000169   Thumb Code    48  __0sscanf.o(.text)
    _scanf_int                               0x080001a1   Thumb Code   332  _scanf_int.o(.text)
    __aeabi_dmul                             0x080002ed   Thumb Code   228  dmul.o(.text)
    __ARM_scalbn                             0x080003d1   Thumb Code    46  dscalb.o(.text)
    scalbn                                   0x080003d1   Thumb Code     0  dscalb.o(.text)
    __aeabi_ui2d                             0x080003ff   Thumb Code    26  dfltui.o(.text)
    __aeabi_uidiv                            0x08000419   Thumb Code     0  uidiv.o(.text)
    __aeabi_uidivmod                         0x08000419   Thumb Code    44  uidiv.o(.text)
    __aeabi_uldivmod                         0x08000445   Thumb Code    98  uldiv.o(.text)
    _chval                                   0x080004a7   Thumb Code    28  _chval.o(.text)
    __vfscanf_char                           0x080004d1   Thumb Code    20  scanf_char.o(.text)
    _sgetc                                   0x080004ed   Thumb Code    30  _sgetc.o(.text)
    _sbackspace                              0x0800050b   Thumb Code    34  _sgetc.o(.text)
    __I$use$fp                               0x0800052d   Thumb Code     0  iusefp.o(.text)
    _double_round                            0x0800052d   Thumb Code    30  depilogue.o(.text)
    _double_epilogue                         0x0800054b   Thumb Code   156  depilogue.o(.text)
    __aeabi_dadd                             0x080005e7   Thumb Code   322  dadd.o(.text)
    __aeabi_dsub                             0x08000729   Thumb Code     6  dadd.o(.text)
    __aeabi_drsub                            0x0800072f   Thumb Code     6  dadd.o(.text)
    __aeabi_ddiv                             0x08000735   Thumb Code   222  ddiv.o(.text)
    __aeabi_d2ulz                            0x08000813   Thumb Code    48  dfixul.o(.text)
    __aeabi_cdrcmple                         0x08000845   Thumb Code    48  cdrcmple.o(.text)
    __scatterload                            0x08000875   Thumb Code    28  init.o(.text)
    __scatterload_rt2                        0x08000875   Thumb Code     0  init.o(.text)
    __aeabi_llsl                             0x08000899   Thumb Code    30  llshl.o(.text)
    _ll_shift_l                              0x08000899   Thumb Code     0  llshl.o(.text)
    __aeabi_lasr                             0x080008b7   Thumb Code    36  llsshr.o(.text)
    _ll_sshift_r                             0x080008b7   Thumb Code     0  llsshr.o(.text)
    isspace                                  0x080008db   Thumb Code    10  isspace_c.o(.text)
    __vfscanf                                0x080008e5   Thumb Code   808  _scanf.o(.text)
    __ctype_lookup                           0x08000c11   Thumb Code    34  ctype_c.o(.text)
    ADC_ConversionStop_Disable               0x08000c39   Thumb Code    86  stm32f1xx_hal_adc.o(i.ADC_ConversionStop_Disable)
    BusFault_Handler                         0x08000c8f   Thumb Code     2  stm32f1xx_it.o(i.BusFault_Handler)
    CurrentControl_VREF_16Bit_MixOut         0x08000c91   Thumb Code    12  tb67h450.o(i.CurrentControl_VREF_16Bit_MixOut)
    DebugMon_Handler                         0x08000ca1   Thumb Code     2  stm32f1xx_it.o(i.DebugMon_Handler)
    Erase_Write_data_Sector                  0x08000ca3   Thumb Code    38  w25q128.o(i.Erase_Write_data_Sector)
    Erase_one_Sector                         0x08000cc9   Thumb Code    56  w25q128.o(i.Erase_one_Sector)
    HAL_ADC_ConfigChannel                    0x08000d01   Thumb Code   240  stm32f1xx_hal_adc.o(i.HAL_ADC_ConfigChannel)
    HAL_ADC_Init                             0x08000dfd   Thumb Code   272  stm32f1xx_hal_adc.o(i.HAL_ADC_Init)
    HAL_ADC_MspInit                          0x08000f19   Thumb Code    76  stm32f1xx_hal_msp.o(i.HAL_ADC_MspInit)
    HAL_CAN_Init                             0x08000f71   Thumb Code   282  stm32f1xx_hal_can.o(i.HAL_CAN_Init)
    HAL_CAN_MspInit                          0x0800108d   Thumb Code   114  stm32f1xx_hal_msp.o(i.HAL_CAN_MspInit)
    HAL_Delay                                0x08001111   Thumb Code    32  stm32f1xx_hal.o(i.HAL_Delay)
    HAL_GPIO_Init                            0x08001135   Thumb Code   446  stm32f1xx_hal_gpio.o(i.HAL_GPIO_Init)
    HAL_GPIO_WritePin                        0x08001315   Thumb Code    10  stm32f1xx_hal_gpio.o(i.HAL_GPIO_WritePin)
    HAL_GetTick                              0x08001321   Thumb Code     6  stm32f1xx_hal.o(i.HAL_GetTick)
    HAL_IncTick                              0x0800132d   Thumb Code    12  stm32f1xx_hal.o(i.HAL_IncTick)
    HAL_Init                                 0x0800133d   Thumb Code    32  stm32f1xx_hal.o(i.HAL_Init)
    HAL_InitTick                             0x08001361   Thumb Code    54  stm32f1xx_hal.o(i.HAL_InitTick)
    HAL_MspInit                              0x080013a1   Thumb Code    52  stm32f1xx_hal_msp.o(i.HAL_MspInit)
    HAL_NVIC_EnableIRQ                       0x080013dd   Thumb Code    26  stm32f1xx_hal_cortex.o(i.HAL_NVIC_EnableIRQ)
    HAL_NVIC_SetPriority                     0x080013f9   Thumb Code    60  stm32f1xx_hal_cortex.o(i.HAL_NVIC_SetPriority)
    HAL_NVIC_SetPriorityGrouping             0x08001439   Thumb Code    26  stm32f1xx_hal_cortex.o(i.HAL_NVIC_SetPriorityGrouping)
    HAL_RCCEx_PeriphCLKConfig                0x0800145d   Thumb Code   224  stm32f1xx_hal_rcc_ex.o(i.HAL_RCCEx_PeriphCLKConfig)
    HAL_RCC_ClockConfig                      0x08001549   Thumb Code   258  stm32f1xx_hal_rcc.o(i.HAL_RCC_ClockConfig)
    HAL_RCC_GetPCLK1Freq                     0x08001661   Thumb Code    20  stm32f1xx_hal_rcc.o(i.HAL_RCC_GetPCLK1Freq)
    HAL_RCC_GetPCLK2Freq                     0x08001681   Thumb Code    20  stm32f1xx_hal_rcc.o(i.HAL_RCC_GetPCLK2Freq)
    HAL_RCC_GetSysClockFreq                  0x080016a1   Thumb Code    80  stm32f1xx_hal_rcc.o(i.HAL_RCC_GetSysClockFreq)
    HAL_RCC_OscConfig                        0x08001715   Thumb Code   754  stm32f1xx_hal_rcc.o(i.HAL_RCC_OscConfig)
    HAL_SPI_Init                             0x08001a1d   Thumb Code   178  stm32f1xx_hal_spi.o(i.HAL_SPI_Init)
    HAL_SPI_MspInit                          0x08001ad1   Thumb Code   186  stm32f1xx_hal_msp.o(i.HAL_SPI_MspInit)
    HAL_SPI_Receive                          0x08001ba1   Thumb Code   346  stm32f1xx_hal_spi.o(i.HAL_SPI_Receive)
    HAL_SPI_Transmit                         0x08001cfb   Thumb Code   358  stm32f1xx_hal_spi.o(i.HAL_SPI_Transmit)
    HAL_SPI_TransmitReceive                  0x08001e61   Thumb Code   482  stm32f1xx_hal_spi.o(i.HAL_SPI_TransmitReceive)
    HAL_SYSTICK_Config                       0x08002043   Thumb Code    40  stm32f1xx_hal_cortex.o(i.HAL_SYSTICK_Config)
    HAL_TIMEx_MasterConfigSynchronization    0x0800206d   Thumb Code    92  stm32f1xx_hal_tim_ex.o(i.HAL_TIMEx_MasterConfigSynchronization)
    HAL_TIM_MspPostInit                      0x080020d5   Thumb Code    82  stm32f1xx_hal_msp.o(i.HAL_TIM_MspPostInit)
    HAL_TIM_PWM_ConfigChannel                0x08002135   Thumb Code   198  stm32f1xx_hal_tim.o(i.HAL_TIM_PWM_ConfigChannel)
    HAL_TIM_PWM_Init                         0x080021fb   Thumb Code    90  stm32f1xx_hal_tim.o(i.HAL_TIM_PWM_Init)
    HAL_TIM_PWM_MspInit                      0x08002255   Thumb Code    30  stm32f1xx_hal_msp.o(i.HAL_TIM_PWM_MspInit)
    HAL_TIM_PWM_Start                        0x08002279   Thumb Code   144  stm32f1xx_hal_tim.o(i.HAL_TIM_PWM_Start)
    HAL_UART_Init                            0x08002315   Thumb Code    98  stm32f1xx_hal_uart.o(i.HAL_UART_Init)
    HAL_UART_MspInit                         0x08002379   Thumb Code   112  stm32f1xx_hal_msp.o(i.HAL_UART_MspInit)
    HAL_UART_Transmit                        0x080023f9   Thumb Code   178  stm32f1xx_hal_uart.o(i.HAL_UART_Transmit)
    HardFault_Handler                        0x080024ab   Thumb Code     2  stm32f1xx_it.o(i.HardFault_Handler)
    MT6816_SPI_Get_AngleData                 0x080024ad   Thumb Code   184  mt6816.o(i.MT6816_SPI_Get_AngleData)
    MT6816_test                              0x08002575   Thumb Code    60  mt6816.o(i.MT6816_test)
    MemManage_Handler                        0x080028d1   Thumb Code     2  stm32f1xx_it.o(i.MemManage_Handler)
    Motor_Control_Init                       0x080028d3   Thumb Code     4  motor_control.o(i.Motor_Control_Init)
    Motor_Control_test                       0x080028d9   Thumb Code    42  motor_control.o(i.Motor_Control_test)
    Motor_move                               0x08002941   Thumb Code    90  motor_control.o(i.Motor_move)
    Motor_set_subdivision                    0x080029a1   Thumb Code     6  motor_control.o(i.Motor_set_subdivision)
    NMI_Handler                              0x080029ad   Thumb Code     2  stm32f1xx_it.o(i.NMI_Handler)
    PendSV_Handler                           0x080029af   Thumb Code     2  stm32f1xx_it.o(i.PendSV_Handler)
    Read_W25Q128_data                        0x080029b1   Thumb Code    70  w25q128.o(i.Read_W25Q128_data)
    SVC_Handler                              0x08002b2d   Thumb Code     2  stm32f1xx_it.o(i.SVC_Handler)
    SysTick_Handler                          0x08002b31   Thumb Code    38  main_thread_it.o(i.SysTick_Handler)
    SystemClock_Config                       0x08002b61   Thumb Code   120  main.o(i.SystemClock_Config)
    SystemInit                               0x08002bd9   Thumb Code     2  system_stm32f1xx.o(i.SystemInit)
    TB67H450_SetDivideElec                   0x08002bdd   Thumb Code   252  tb67h450.o(i.TB67H450_SetDivideElec)
    TB67H450_SetPwmStart                     0x08002ce9   Thumb Code    22  tb67h450.o(i.TB67H450_SetPwmStart)
    TIM_Base_SetConfig                       0x08002d05   Thumb Code    94  stm32f1xx_hal_tim.o(i.TIM_Base_SetConfig)
    TIM_CCxChannelCmd                        0x08002d71   Thumb Code    26  stm32f1xx_hal_tim.o(i.TIM_CCxChannelCmd)
    TIM_OC2_SetConfig                        0x08002ddd   Thumb Code    84  stm32f1xx_hal_tim.o(i.TIM_OC2_SetConfig)
    USART1_IRQHandler                        0x08002fed   Thumb Code    22  communication.o(i.USART1_IRQHandler)
    UsageFault_Handler                       0x08003009   Thumb Code     2  stm32f1xx_it.o(i.UsageFault_Handler)
    W25Q128_Disable                          0x0800300d   Thumb Code    10  w25q128.o(i.W25Q128_Disable)
    W25Q128_Enable                           0x0800301d   Thumb Code    12  w25q128.o(i.W25Q128_Enable)
    W25Q128_ReadSR                           0x0800302d   Thumb Code    26  w25q128.o(i.W25Q128_ReadSR)
    W25Q128_Wait_Busy                        0x08003049   Thumb Code    14  w25q128.o(i.W25Q128_Wait_Busy)
    W25Q128_Write_Enable                     0x08003057   Thumb Code    20  w25q128.o(i.W25Q128_Write_Enable)
    W25Q128_test                             0x0800306d   Thumb Code   156  w25q128.o(i.W25Q128_test)
    Write_Page                               0x0800315d   Thumb Code    62  w25q128.o(i.Write_Page)
    Write_Word                               0x0800319b   Thumb Code    74  w25q128.o(i.Write_Word)
    __0printf                                0x080031e5   Thumb Code    22  printfa.o(i.__0printf)
    __1printf                                0x080031e5   Thumb Code     0  printfa.o(i.__0printf)
    __2printf                                0x080031e5   Thumb Code     0  printfa.o(i.__0printf)
    __c89printf                              0x080031e5   Thumb Code     0  printfa.o(i.__0printf)
    printf                                   0x080031e5   Thumb Code     0  printfa.o(i.__0printf)
    __scatterload_copy                       0x08003225   Thumb Code    14  handlers.o(i.__scatterload_copy)
    __scatterload_null                       0x08003233   Thumb Code     2  handlers.o(i.__scatterload_null)
    __scatterload_zeroinit                   0x08003235   Thumb Code    14  handlers.o(i.__scatterload_zeroinit)
    com_clear                                0x08003af9   Thumb Code    20  communication.o(i.com_clear)
    com_extract                              0x08003b15   Thumb Code    50  communication.o(i.com_extract)
    com_function                             0x08003b65   Thumb Code   154  communication.o(i.com_function)
    com_process                              0x08003c45   Thumb Code    70  communication.o(i.com_process)
    com_receive                              0x08003c95   Thumb Code    24  communication.o(i.com_receive)
    fputc                                    0x08003cb1   Thumb Code    20  communication.o(i.fputc)
    main                                     0x08003cc9   Thumb Code    46  main.o(i.main)
    main_test                                0x08003cf7   Thumb Code    24  main_thread.o(i.main_test)
    main_thread                              0x08003d0f   Thumb Code    64  main_thread.o(i.main_thread)
    spi2_Receive_one_byte                    0x08003d51   Thumb Code    24  w25q128.o(i.spi2_Receive_one_byte)
    spi2_Transmit_one_byte                   0x08003d6d   Thumb Code    18  w25q128.o(i.spi2_Transmit_one_byte)
    AHBPrescTable                            0x08003d84   Data          16  system_stm32f1xx.o(.constdata)
    APBPrescTable                            0x08003d94   Data           8  system_stm32f1xx.o(.constdata)
    sin_pi_m2                                0x08003d9c   Data        2050  sin_form.o(.constdata)
    __ctype_categories                       0x0800459e   Data          64  ctype_c.o(.constdata)
    Region$$Table$$Base                      0x080045e0   Number         0  anon$$obj.o(Region$$Table)
    Region$$Table$$Limit                     0x08004600   Number         0  anon$$obj.o(Region$$Table)
    uwTickFreq                               0x20000000   Data           1  stm32f1xx_hal.o(.data)
    uwTickPrio                               0x20000004   Data           4  stm32f1xx_hal.o(.data)
    uwTick                                   0x20000008   Data           4  stm32f1xx_hal.o(.data)
    SystemCoreClock                          0x2000000c   Data           4  system_stm32f1xx.o(.data)
    Data_Address                             0x20000010   Data           4  w25q128.o(.data)
    Write_data                               0x20000014   Data          10  w25q128.o(.data)
    coil_a                                   0x2000001e   Data           6  tb67h450.o(.data)
    coil_b                                   0x20000024   Data           6  tb67h450.o(.data)
    Move_Step_NUM                            0x2000002c   Data           4  motor_control.o(.data)
    Move_Divide_NUM_Now                      0x20000030   Data           4  motor_control.o(.data)
    over_flag                                0x20000034   Data           1  communication.o(.data)
    cmd_head_cursor                          0x20000035   Data           1  communication.o(.data)
    cmd_cursor                               0x20000036   Data           1  communication.o(.data)
    systick_20khz_flag                       0x20000037   Data           1  main_thread_it.o(.data)
    lit_1ms_divider                          0x20000038   Data           1  main_thread_it.o(.data)
    __stdout                                 0x2000003c   Data           4  stdout.o(.data)
    hadc1                                    0x20000040   Data          48  main.o(.bss)
    hcan                                     0x20000070   Data          40  main.o(.bss)
    hspi1                                    0x20000098   Data          88  main.o(.bss)
    hspi2                                    0x200000f0   Data          88  main.o(.bss)
    htim2                                    0x20000148   Data          72  main.o(.bss)
    huart1                                   0x20000190   Data          68  main.o(.bss)
    Read_data                                0x200001d4   Data         100  w25q128.o(.bss)
    cmd                                      0x20000238   Data          20  communication.o(.bss)
    loop_it                                  0x2000024c   Data          24  main_thread_it.o(.bss)
    __initial_sp                             0x20000668   Data           0  startup_stm32f103xb.o(STACK)



==============================================================================

Memory Map of the image

  Image Entry point : 0x080000ed

  Load Region LR_IROM1 (Base: 0x08000000, Size: 0x00004640, Max: 0x00020000, ABSOLUTE)

    Execution Region ER_IROM1 (Exec base: 0x08000000, Load base: 0x08000000, Size: 0x00004600, Max: 0x00020000, ABSOLUTE)

    Exec Addr    Load Addr    Size         Type   Attr      Idx    E Section Name        Object

    0x08000000   0x08000000   0x000000ec   Data   RO            3    RESET               startup_stm32f103xb.o
    0x080000ec   0x080000ec   0x00000000   Code   RO         3989  * .ARM.Collect$$$$00000000  mc_w.l(entry.o)
    0x080000ec   0x080000ec   0x00000004   Code   RO         4267    .ARM.Collect$$$$00000001  mc_w.l(entry2.o)
    0x080000f0   0x080000f0   0x00000004   Code   RO         4270    .ARM.Collect$$$$00000004  mc_w.l(entry5.o)
    0x080000f4   0x080000f4   0x00000000   Code   RO         4272    .ARM.Collect$$$$00000008  mc_w.l(entry7b.o)
    0x080000f4   0x080000f4   0x00000000   Code   RO         4274    .ARM.Collect$$$$0000000A  mc_w.l(entry8b.o)
    0x080000f4   0x080000f4   0x00000008   Code   RO         4275    .ARM.Collect$$$$0000000B  mc_w.l(entry9a.o)
    0x080000fc   0x080000fc   0x00000000   Code   RO         4277    .ARM.Collect$$$$0000000D  mc_w.l(entry10a.o)
    0x080000fc   0x080000fc   0x00000000   Code   RO         4279    .ARM.Collect$$$$0000000F  mc_w.l(entry11a.o)
    0x080000fc   0x080000fc   0x00000004   Code   RO         4268    .ARM.Collect$$$$00002712  mc_w.l(entry2.o)
    0x08000100   0x08000100   0x00000024   Code   RO            4    .text               startup_stm32f103xb.o
    0x08000124   0x08000124   0x00000020   Code   RO         3992    .text               mc_w.l(llushr.o)
    0x08000144   0x08000144   0x00000024   Code   RO         3994    .text               mc_w.l(memseta.o)
    0x08000168   0x08000168   0x00000038   Code   RO         4257    .text               mc_w.l(__0sscanf.o)
    0x080001a0   0x080001a0   0x0000014c   Code   RO         4259    .text               mc_w.l(_scanf_int.o)
    0x080002ec   0x080002ec   0x000000e4   Code   RO         4261    .text               mf_w.l(dmul.o)
    0x080003d0   0x080003d0   0x0000002e   Code   RO         4263    .text               mf_w.l(dscalb.o)
    0x080003fe   0x080003fe   0x0000001a   Code   RO         4265    .text               mf_w.l(dfltui.o)
    0x08000418   0x08000418   0x0000002c   Code   RO         4282    .text               mc_w.l(uidiv.o)
    0x08000444   0x08000444   0x00000062   Code   RO         4284    .text               mc_w.l(uldiv.o)
    0x080004a6   0x080004a6   0x0000001c   Code   RO         4286    .text               mc_w.l(_chval.o)
    0x080004c2   0x080004c2   0x00000002   PAD
    0x080004c4   0x080004c4   0x00000028   Code   RO         4288    .text               mc_w.l(scanf_char.o)
    0x080004ec   0x080004ec   0x00000040   Code   RO         4290    .text               mc_w.l(_sgetc.o)
    0x0800052c   0x0800052c   0x00000000   Code   RO         4292    .text               mc_w.l(iusefp.o)
    0x0800052c   0x0800052c   0x000000ba   Code   RO         4293    .text               mf_w.l(depilogue.o)
    0x080005e6   0x080005e6   0x0000014e   Code   RO         4295    .text               mf_w.l(dadd.o)
    0x08000734   0x08000734   0x000000de   Code   RO         4297    .text               mf_w.l(ddiv.o)
    0x08000812   0x08000812   0x00000030   Code   RO         4299    .text               mf_w.l(dfixul.o)
    0x08000842   0x08000842   0x00000002   PAD
    0x08000844   0x08000844   0x00000030   Code   RO         4301    .text               mf_w.l(cdrcmple.o)
    0x08000874   0x08000874   0x00000024   Code   RO         4303    .text               mc_w.l(init.o)
    0x08000898   0x08000898   0x0000001e   Code   RO         4305    .text               mc_w.l(llshl.o)
    0x080008b6   0x080008b6   0x00000024   Code   RO         4307    .text               mc_w.l(llsshr.o)
    0x080008da   0x080008da   0x0000000a   Code   RO         4309    .text               mc_w.l(isspace_c.o)
    0x080008e4   0x080008e4   0x0000032c   Code   RO         4311    .text               mc_w.l(_scanf.o)
    0x08000c10   0x08000c10   0x00000028   Code   RO         4313    .text               mc_w.l(ctype_c.o)
    0x08000c38   0x08000c38   0x00000056   Code   RO          401    i.ADC_ConversionStop_Disable  stm32f1xx_hal_adc.o
    0x08000c8e   0x08000c8e   0x00000002   Code   RO          206    i.BusFault_Handler  stm32f1xx_it.o
    0x08000c90   0x08000c90   0x00000010   Code   RO         3725    i.CurrentControl_VREF_16Bit_MixOut  tb67h450.o
    0x08000ca0   0x08000ca0   0x00000002   Code   RO          207    i.DebugMon_Handler  stm32f1xx_it.o
    0x08000ca2   0x08000ca2   0x00000026   Code   RO         3577    i.Erase_Write_data_Sector  w25q128.o
    0x08000cc8   0x08000cc8   0x00000038   Code   RO         3578    i.Erase_one_Sector  w25q128.o
    0x08000d00   0x08000d00   0x000000fc   Code   RO          407    i.HAL_ADC_ConfigChannel  stm32f1xx_hal_adc.o
    0x08000dfc   0x08000dfc   0x0000011c   Code   RO          416    i.HAL_ADC_Init      stm32f1xx_hal_adc.o
    0x08000f18   0x08000f18   0x00000058   Code   RO          276    i.HAL_ADC_MspInit   stm32f1xx_hal_msp.o
    0x08000f70   0x08000f70   0x0000011a   Code   RO         1666    i.HAL_CAN_Init      stm32f1xx_hal_can.o
    0x0800108a   0x0800108a   0x00000002   PAD
    0x0800108c   0x0800108c   0x00000084   Code   RO          278    i.HAL_CAN_MspInit   stm32f1xx_hal_msp.o
    0x08001110   0x08001110   0x00000024   Code   RO          684    i.HAL_Delay         stm32f1xx_hal.o
    0x08001134   0x08001134   0x000001e0   Code   RO          992    i.HAL_GPIO_Init     stm32f1xx_hal_gpio.o
    0x08001314   0x08001314   0x0000000a   Code   RO          996    i.HAL_GPIO_WritePin  stm32f1xx_hal_gpio.o
    0x0800131e   0x0800131e   0x00000002   PAD
    0x08001320   0x08001320   0x0000000c   Code   RO          688    i.HAL_GetTick       stm32f1xx_hal.o
    0x0800132c   0x0800132c   0x00000010   Code   RO          694    i.HAL_IncTick       stm32f1xx_hal.o
    0x0800133c   0x0800133c   0x00000024   Code   RO          695    i.HAL_Init          stm32f1xx_hal.o
    0x08001360   0x08001360   0x00000040   Code   RO          696    i.HAL_InitTick      stm32f1xx_hal.o
    0x080013a0   0x080013a0   0x0000003c   Code   RO          279    i.HAL_MspInit       stm32f1xx_hal_msp.o
    0x080013dc   0x080013dc   0x0000001a   Code   RO         1152    i.HAL_NVIC_EnableIRQ  stm32f1xx_hal_cortex.o
    0x080013f6   0x080013f6   0x00000002   PAD
    0x080013f8   0x080013f8   0x00000040   Code   RO         1158    i.HAL_NVIC_SetPriority  stm32f1xx_hal_cortex.o
    0x08001438   0x08001438   0x00000024   Code   RO         1159    i.HAL_NVIC_SetPriorityGrouping  stm32f1xx_hal_cortex.o
    0x0800145c   0x0800145c   0x000000ec   Code   RO          955    i.HAL_RCCEx_PeriphCLKConfig  stm32f1xx_hal_rcc_ex.o
    0x08001548   0x08001548   0x00000118   Code   RO          852    i.HAL_RCC_ClockConfig  stm32f1xx_hal_rcc.o
    0x08001660   0x08001660   0x00000020   Code   RO          859    i.HAL_RCC_GetPCLK1Freq  stm32f1xx_hal_rcc.o
    0x08001680   0x08001680   0x00000020   Code   RO          860    i.HAL_RCC_GetPCLK2Freq  stm32f1xx_hal_rcc.o
    0x080016a0   0x080016a0   0x00000074   Code   RO          861    i.HAL_RCC_GetSysClockFreq  stm32f1xx_hal_rcc.o
    0x08001714   0x08001714   0x00000308   Code   RO          864    i.HAL_RCC_OscConfig  stm32f1xx_hal_rcc.o
    0x08001a1c   0x08001a1c   0x000000b2   Code   RO         1897    i.HAL_SPI_Init      stm32f1xx_hal_spi.o
    0x08001ace   0x08001ace   0x00000002   PAD
    0x08001ad0   0x08001ad0   0x000000d0   Code   RO          281    i.HAL_SPI_MspInit   stm32f1xx_hal_msp.o
    0x08001ba0   0x08001ba0   0x0000015a   Code   RO         1900    i.HAL_SPI_Receive   stm32f1xx_hal_spi.o
    0x08001cfa   0x08001cfa   0x00000166   Code   RO         1905    i.HAL_SPI_Transmit  stm32f1xx_hal_spi.o
    0x08001e60   0x08001e60   0x000001e2   Code   RO         1906    i.HAL_SPI_TransmitReceive  stm32f1xx_hal_spi.o
    0x08002042   0x08002042   0x00000028   Code   RO         1163    i.HAL_SYSTICK_Config  stm32f1xx_hal_cortex.o
    0x0800206a   0x0800206a   0x00000002   PAD
    0x0800206c   0x0800206c   0x00000068   Code   RO         2933    i.HAL_TIMEx_MasterConfigSynchronization  stm32f1xx_hal_tim_ex.o
    0x080020d4   0x080020d4   0x00000060   Code   RO          282    i.HAL_TIM_MspPostInit  stm32f1xx_hal_msp.o
    0x08002134   0x08002134   0x000000c6   Code   RO         2282    i.HAL_TIM_PWM_ConfigChannel  stm32f1xx_hal_tim.o
    0x080021fa   0x080021fa   0x0000005a   Code   RO         2285    i.HAL_TIM_PWM_Init  stm32f1xx_hal_tim.o
    0x08002254   0x08002254   0x00000024   Code   RO          284    i.HAL_TIM_PWM_MspInit  stm32f1xx_hal_msp.o
    0x08002278   0x08002278   0x0000009c   Code   RO         2290    i.HAL_TIM_PWM_Start  stm32f1xx_hal_tim.o
    0x08002314   0x08002314   0x00000062   Code   RO         3210    i.HAL_UART_Init     stm32f1xx_hal_uart.o
    0x08002376   0x08002376   0x00000002   PAD
    0x08002378   0x08002378   0x00000080   Code   RO          286    i.HAL_UART_MspInit  stm32f1xx_hal_msp.o
    0x080023f8   0x080023f8   0x000000b2   Code   RO         3218    i.HAL_UART_Transmit  stm32f1xx_hal_uart.o
    0x080024aa   0x080024aa   0x00000002   Code   RO          208    i.HardFault_Handler  stm32f1xx_it.o
    0x080024ac   0x080024ac   0x000000c8   Code   RO         3691    i.MT6816_SPI_Get_AngleData  mt6816.o
    0x08002574   0x08002574   0x0000006c   Code   RO         3692    i.MT6816_test       mt6816.o
    0x080025e0   0x080025e0   0x0000004c   Code   RO           14    i.MX_ADC1_Init      main.o
    0x0800262c   0x0800262c   0x00000038   Code   RO           15    i.MX_CAN_Init       main.o
    0x08002664   0x08002664   0x0000011c   Code   RO           16    i.MX_GPIO_Init      main.o
    0x08002780   0x08002780   0x00000044   Code   RO           17    i.MX_SPI1_Init      main.o
    0x080027c4   0x080027c4   0x00000040   Code   RO           18    i.MX_SPI2_Init      main.o
    0x08002804   0x08002804   0x0000007c   Code   RO           19    i.MX_TIM2_Init      main.o
    0x08002880   0x08002880   0x00000050   Code   RO           20    i.MX_USART1_UART_Init  main.o
    0x080028d0   0x080028d0   0x00000002   Code   RO          209    i.MemManage_Handler  stm32f1xx_it.o
    0x080028d2   0x080028d2   0x00000004   Code   RO         3802    i.Motor_Control_Init  motor_control.o
    0x080028d6   0x080028d6   0x00000002   PAD
    0x080028d8   0x080028d8   0x00000068   Code   RO         3803    i.Motor_Control_test  motor_control.o
    0x08002940   0x08002940   0x00000060   Code   RO         3804    i.Motor_move        motor_control.o
    0x080029a0   0x080029a0   0x0000000c   Code   RO         3805    i.Motor_set_subdivision  motor_control.o
    0x080029ac   0x080029ac   0x00000002   Code   RO          210    i.NMI_Handler       stm32f1xx_it.o
    0x080029ae   0x080029ae   0x00000002   Code   RO          211    i.PendSV_Handler    stm32f1xx_it.o
    0x080029b0   0x080029b0   0x00000046   Code   RO         3579    i.Read_W25Q128_data  w25q128.o
    0x080029f6   0x080029f6   0x0000005c   Code   RO         1934    i.SPI_EndRxTransaction  stm32f1xx_hal_spi.o
    0x08002a52   0x08002a52   0x00000020   Code   RO         1935    i.SPI_EndRxTxTransaction  stm32f1xx_hal_spi.o
    0x08002a72   0x08002a72   0x00000002   PAD
    0x08002a74   0x08002a74   0x000000b8   Code   RO         1940    i.SPI_WaitFlagStateUntilTimeout  stm32f1xx_hal_spi.o
    0x08002b2c   0x08002b2c   0x00000002   Code   RO          212    i.SVC_Handler       stm32f1xx_it.o
    0x08002b2e   0x08002b2e   0x00000002   PAD
    0x08002b30   0x08002b30   0x00000030   Code   RO         3956    i.SysTick_Handler   main_thread_it.o
    0x08002b60   0x08002b60   0x00000078   Code   RO           21    i.SystemClock_Config  main.o
    0x08002bd8   0x08002bd8   0x00000002   Code   RO         3539    i.SystemInit        system_stm32f1xx.o
    0x08002bda   0x08002bda   0x00000002   PAD
    0x08002bdc   0x08002bdc   0x0000010c   Code   RO         3727    i.TB67H450_SetDivideElec  tb67h450.o
    0x08002ce8   0x08002ce8   0x0000001c   Code   RO         3728    i.TB67H450_SetPwmStart  tb67h450.o
    0x08002d04   0x08002d04   0x0000006c   Code   RO         2303    i.TIM_Base_SetConfig  stm32f1xx_hal_tim.o
    0x08002d70   0x08002d70   0x0000001a   Code   RO         2304    i.TIM_CCxChannelCmd  stm32f1xx_hal_tim.o
    0x08002d8a   0x08002d8a   0x00000002   PAD
    0x08002d8c   0x08002d8c   0x00000050   Code   RO         2316    i.TIM_OC1_SetConfig  stm32f1xx_hal_tim.o
    0x08002ddc   0x08002ddc   0x00000058   Code   RO         2317    i.TIM_OC2_SetConfig  stm32f1xx_hal_tim.o
    0x08002e34   0x08002e34   0x00000058   Code   RO         2318    i.TIM_OC3_SetConfig  stm32f1xx_hal_tim.o
    0x08002e8c   0x08002e8c   0x00000044   Code   RO         2319    i.TIM_OC4_SetConfig  stm32f1xx_hal_tim.o
    0x08002ed0   0x08002ed0   0x000000b8   Code   RO         3236    i.UART_SetConfig    stm32f1xx_hal_uart.o
    0x08002f88   0x08002f88   0x00000064   Code   RO         3239    i.UART_WaitOnFlagUntilTimeout  stm32f1xx_hal_uart.o
    0x08002fec   0x08002fec   0x0000001c   Code   RO         3851    i.USART1_IRQHandler  communication.o
    0x08003008   0x08003008   0x00000002   Code   RO          213    i.UsageFault_Handler  stm32f1xx_it.o
    0x0800300a   0x0800300a   0x00000002   PAD
    0x0800300c   0x0800300c   0x00000010   Code   RO         3580    i.W25Q128_Disable   w25q128.o
    0x0800301c   0x0800301c   0x00000010   Code   RO         3581    i.W25Q128_Enable    w25q128.o
    0x0800302c   0x0800302c   0x0000001a   Code   RO         3582    i.W25Q128_ReadSR    w25q128.o
    0x08003046   0x08003046   0x00000002   PAD
    0x08003048   0x08003048   0x0000000e   Code   RO         3583    i.W25Q128_Wait_Busy  w25q128.o
    0x08003056   0x08003056   0x00000014   Code   RO         3585    i.W25Q128_Write_Enable  w25q128.o
    0x0800306a   0x0800306a   0x00000002   PAD
    0x0800306c   0x0800306c   0x000000f0   Code   RO         3586    i.W25Q128_test      w25q128.o
    0x0800315c   0x0800315c   0x0000003e   Code   RO         3587    i.Write_Page        w25q128.o
    0x0800319a   0x0800319a   0x0000004a   Code   RO         3588    i.Write_Word        w25q128.o
    0x080031e4   0x080031e4   0x00000020   Code   RO         4229    i.__0printf         mc_w.l(printfa.o)
    0x08003204   0x08003204   0x00000020   Code   RO         1165    i.__NVIC_SetPriority  stm32f1xx_hal_cortex.o
    0x08003224   0x08003224   0x0000000e   Code   RO         4318    i.__scatterload_copy  mc_w.l(handlers.o)
    0x08003232   0x08003232   0x00000002   Code   RO         4319    i.__scatterload_null  mc_w.l(handlers.o)
    0x08003234   0x08003234   0x0000000e   Code   RO         4320    i.__scatterload_zeroinit  mc_w.l(handlers.o)
    0x08003242   0x08003242   0x00000002   PAD
    0x08003244   0x08003244   0x00000184   Code   RO         4236    i._fp_digits        mc_w.l(printfa.o)
    0x080033c8   0x080033c8   0x000006dc   Code   RO         4237    i._printf_core      mc_w.l(printfa.o)
    0x08003aa4   0x08003aa4   0x00000024   Code   RO         4238    i._printf_post_padding  mc_w.l(printfa.o)
    0x08003ac8   0x08003ac8   0x0000002e   Code   RO         4239    i._printf_pre_padding  mc_w.l(printfa.o)
    0x08003af6   0x08003af6   0x00000002   PAD
    0x08003af8   0x08003af8   0x0000001c   Code   RO         3852    i.com_clear         communication.o
    0x08003b14   0x08003b14   0x00000050   Code   RO         3853    i.com_extract       communication.o
    0x08003b64   0x08003b64   0x000000e0   Code   RO         3854    i.com_function      communication.o
    0x08003c44   0x08003c44   0x00000050   Code   RO         3855    i.com_process       communication.o
    0x08003c94   0x08003c94   0x0000001c   Code   RO         3856    i.com_receive       communication.o
    0x08003cb0   0x08003cb0   0x00000018   Code   RO         3857    i.fputc             communication.o
    0x08003cc8   0x08003cc8   0x0000002e   Code   RO           22    i.main              main.o
    0x08003cf6   0x08003cf6   0x00000018   Code   RO         3918    i.main_test         main_thread.o
    0x08003d0e   0x08003d0e   0x00000040   Code   RO         3919    i.main_thread       main_thread.o
    0x08003d4e   0x08003d4e   0x00000002   PAD
    0x08003d50   0x08003d50   0x0000001c   Code   RO         3590    i.spi2_Receive_one_byte  w25q128.o
    0x08003d6c   0x08003d6c   0x00000018   Code   RO         3591    i.spi2_Transmit_one_byte  w25q128.o
    0x08003d84   0x08003d84   0x00000010   Data   RO         3540    .constdata          system_stm32f1xx.o
    0x08003d94   0x08003d94   0x00000008   Data   RO         3541    .constdata          system_stm32f1xx.o
    0x08003d9c   0x08003d9c   0x00000802   Data   RO         3787    .constdata          sin_form.o
    0x0800459e   0x0800459e   0x00000040   Data   RO         4314    .constdata          mc_w.l(ctype_c.o)
    0x080045de   0x080045de   0x00000002   PAD
    0x080045e0   0x080045e0   0x00000020   Data   RO         4316    Region$$Table       anon$$obj.o


    Execution Region RW_IRAM1 (Exec base: 0x20000000, Load base: 0x08004600, Size: 0x00000668, Max: 0x00005000, ABSOLUTE)

    Exec Addr    Load Addr    Size         Type   Attr      Idx    E Section Name        Object

    0x20000000   0x08004600   0x0000000c   Data   RW          702    .data               stm32f1xx_hal.o
    0x2000000c   0x0800460c   0x00000004   Data   RW         3542    .data               system_stm32f1xx.o
    0x20000010   0x08004610   0x0000000e   Data   RW         3594    .data               w25q128.o
    0x2000001e   0x0800461e   0x0000000c   Data   RW         3731    .data               tb67h450.o
    0x2000002a   0x0800462a   0x00000002   PAD
    0x2000002c   0x0800462c   0x00000008   Data   RW         3806    .data               motor_control.o
    0x20000034   0x08004634   0x00000003   Data   RW         3859    .data               communication.o
    0x20000037   0x08004637   0x00000002   Data   RW         3958    .data               main_thread_it.o
    0x20000039   0x08004639   0x00000003   PAD
    0x2000003c   0x0800463c   0x00000004   Data   RW         4281    .data               mc_w.l(stdout.o)
    0x20000040        -       0x00000194   Zero   RW           23    .bss                main.o
    0x200001d4        -       0x00000064   Zero   RW         3592    .bss                w25q128.o
    0x20000238        -       0x00000014   Zero   RW         3858    .bss                communication.o
    0x2000024c        -       0x00000018   Zero   RW         3957    .bss                main_thread_it.o
    0x20000264   0x08004640   0x00000004   PAD
    0x20000268        -       0x00000400   Zero   RW            1    STACK               startup_stm32f103xb.o


==============================================================================

Image component sizes


      Code (inc. data)   RO Data    RW Data    ZI Data      Debug   Object Name

       492        132          0          3         20       4630   communication.o
       918         60          0          0        404     463782   main.o
        88          0          0          0          0        918   main_thread.o
        48         10          0          2         24       1335   main_thread_it.o
       216         74          0          8          0       2600   motor_control.o
       308         64          0          0          0       2511   mt6816.o
         0          0       2050          0          0        524   sin_form.o
        36          8        236          0       1024        796   startup_stm32f103xb.o
       164         28          0         12          0       5845   stm32f1xx_hal.o
       622         24          0          0          0       3268   stm32f1xx_hal_adc.o
       282          0          0          0          0       1307   stm32f1xx_hal_can.o
       198         14          0          0          0      28907   stm32f1xx_hal_cortex.o
       490         34          0          0          0       2868   stm32f1xx_hal_gpio.o
       748         96          0          0          0       5047   stm32f1xx_hal_msp.o
      1236        104          0          0          0       5104   stm32f1xx_hal_rcc.o
       236         12          0          0          0       1372   stm32f1xx_hal_rcc_ex.o
      1672          4          0          0          0       8094   stm32f1xx_hal_spi.o
       902         46          0          0          0       7738   stm32f1xx_hal_tim.o
       104         12          0          0          0       1312   stm32f1xx_hal_tim_ex.o
       560          6          0          0          0       3908   stm32f1xx_hal_uart.o
        16          0          0          0          0       3384   stm32f1xx_it.o
         2          0         24          4          0       1095   system_stm32f1xx.o
       312         26          0         12          0       3739   tb67h450.o
       684        104          0         14        100       8233   w25q128.o

    ----------------------------------------------------------------------
     10364        858       2342         60       1576     568317   Object Totals
         0          0         32          0          0          0   (incl. Generated)
        30          0          0          5          4          0   (incl. Padding)

    ----------------------------------------------------------------------

      Code (inc. data)   RO Data    RW Data    ZI Data      Debug   Library Member Name

        56          8          0          0          0         84   __0sscanf.o
        28          0          0          0          0         68   _chval.o
       812          4          0          0          0        112   _scanf.o
       332          0          0          0          0         96   _scanf_int.o
        64          0          0          0          0         84   _sgetc.o
        40          6         64          0          0         68   ctype_c.o
         0          0          0          0          0          0   entry.o
         0          0          0          0          0          0   entry10a.o
         0          0          0          0          0          0   entry11a.o
         8          4          0          0          0          0   entry2.o
         4          0          0          0          0          0   entry5.o
         0          0          0          0          0          0   entry7b.o
         0          0          0          0          0          0   entry8b.o
         8          4          0          0          0          0   entry9a.o
        30          0          0          0          0          0   handlers.o
        36          8          0          0          0         68   init.o
        10          0          0          0          0         68   isspace_c.o
         0          0          0          0          0          0   iusefp.o
        30          0          0          0          0         68   llshl.o
        36          0          0          0          0         68   llsshr.o
        32          0          0          0          0         68   llushr.o
        36          0          0          0          0        108   memseta.o
      2258         90          0          0          0        452   printfa.o
        40          8          0          0          0         84   scanf_char.o
         0          0          0          4          0          0   stdout.o
        44          0          0          0          0         80   uidiv.o
        98          0          0          0          0         92   uldiv.o
        48          0          0          0          0         68   cdrcmple.o
       334          0          0          0          0        148   dadd.o
       222          0          0          0          0        100   ddiv.o
       186          0          0          0          0        176   depilogue.o
        48          0          0          0          0         68   dfixul.o
        26          0          0          0          0         76   dfltui.o
       228          0          0          0          0         96   dmul.o
        46          0          0          0          0         80   dscalb.o

    ----------------------------------------------------------------------
      5148        132         66          4          0       2480   Library Totals
         8          0          2          0          0          0   (incl. Padding)

    ----------------------------------------------------------------------

      Code (inc. data)   RO Data    RW Data    ZI Data      Debug   Library Name

      4002        132         64          4          0       1668   mc_w.l
      1138          0          0          0          0        812   mf_w.l

    ----------------------------------------------------------------------
      5148        132         66          4          0       2480   Library Totals

    ----------------------------------------------------------------------

==============================================================================


      Code (inc. data)   RO Data    RW Data    ZI Data      Debug   

     15512        990       2408         64       1576     564605   Grand Totals
     15512        990       2408         64       1576     564605   ELF Image Totals
     15512        990       2408         64          0          0   ROM Totals

==============================================================================

    Total RO  Size (Code + RO Data)                17920 (  17.50kB)
    Total RW  Size (RW Data + ZI Data)              1640 (   1.60kB)
    Total ROM Size (Code + RO Data + RW Data)      17984 (  17.56kB)

==============================================================================

